{
  _type: 'element',
  tags: null,
  links: null,
  _stage: 'layouted',
  sourcePath: 'src/views.c4',
  description: null,
  title: 'Landscape View - NDS',
  id: 'index',
  autoLayout: {
    direction: 'TB',
  },
  hash: 'z3LaVdZMcGGsB3ZsU2M8EXcxwRRtx50xA-UA9w4tl2U',
  bounds: {
    x: -20,
    y: 303,
    width: 4353,
    height: 3408,
  },
  nodes: [
    {
      id: 'nhsNotify',
      parent: null,
      level: 0,
      children: [],
      inEdges: [
        '1j97vad',
      ],
      outEdges: [
        '1w6yejz',
        '1m4ljd4',
      ],
      title: 'NHS Notify',
      modelRef: 'nhsNotify',
      shape: 'rectangle',
      color: 'gray',
      style: {
        opacity: 15,
        size: 'md',
      },
      tags: [],
      kind: 'externalSystem',
      x: 2833,
      y: 1369,
      width: 320,
      height: 180,
      labelBBox: {
        x: 109,
        y: 76,
        width: 103,
        height: 24,
      },
      navigateTo: null,
      links: null,
    },
    {
      id: 'patientProxy',
      parent: null,
      level: 0,
      children: [],
      inEdges: [],
      outEdges: [
        '1idksir',
        '1dvrk2p',
      ],
      title: 'Patient Proxy',
      modelRef: 'patientProxy',
      shape: 'person',
      color: 'amber',
      style: {
        opacity: 15,
        size: 'md',
      },
      tags: [],
      kind: 'citizen',
      x: 2307,
      y: 1712,
      width: 320,
      height: 180,
      labelBBox: {
        x: 99,
        y: 76,
        width: 123,
        height: 24,
      },
      navigateTo: null,
      links: null,
    },
    {
      id: 'requestingClinician',
      parent: null,
      level: 0,
      children: [],
      inEdges: [],
      outEdges: [
        '1s9cked',
        'bcr4ow',
        '1f6cces',
      ],
      title: 'Requesting Clinician',
      modelRef: 'requestingClinician',
      shape: 'person',
      color: 'green',
      style: {
        opacity: 15,
        size: 'md',
      },
      tags: [],
      kind: 'clinican',
      x: 2577,
      y: 848,
      width: 320,
      height: 180,
      labelBBox: {
        x: 67,
        y: 76,
        width: 186,
        height: 24,
      },
      navigateTo: null,
      links: null,
    },
    {
      id: 'patient',
      parent: null,
      level: 0,
      children: [],
      inEdges: [
        '1w6yejz',
      ],
      outEdges: [
        '14ajzbj',
        '1ws9mdp',
      ],
      title: 'Patient',
      modelRef: 'patient',
      shape: 'person',
      color: 'amber',
      style: {
        opacity: 15,
        size: 'md',
      },
      tags: [],
      kind: 'citizen',
      x: 1813,
      y: 1712,
      width: 320,
      height: 180,
      labelBBox: {
        x: 127,
        y: 76,
        width: 66,
        height: 24,
      },
      navigateTo: null,
      links: null,
    },
    {
      id: 'nhsOnline',
      parent: null,
      level: 0,
      children: [],
      inEdges: [
        '1s9cked',
      ],
      outEdges: [
        'mrluy7',
        '10u91br',
        '5qwqjp',
        '5qwq80',
        '5qwqh5',
      ],
      title: 'NHS Online',
      modelRef: 'nhsOnline',
      shape: 'rectangle',
      color: 'gray',
      style: {
        opacity: 15,
        size: 'md',
      },
      tags: [],
      kind: 'externalSystem',
      x: 709,
      y: 323,
      width: 320,
      height: 180,
      labelBBox: {
        x: 106,
        y: 76,
        width: 110,
        height: 24,
      },
      navigateTo: null,
      links: null,
    },
    {
      id: 'nhsApp',
      parent: null,
      level: 0,
      children: [],
      inEdges: [
        '1ws9mdp',
        '1dvrk2p',
        '1m4ljd4',
      ],
      outEdges: [
        '35qhtc',
        'n32esn',
      ],
      title: 'NHS App',
      modelRef: 'nhsApp',
      shape: 'mobile',
      color: 'gray',
      style: {
        opacity: 15,
        size: 'md',
      },
      tags: [],
      kind: 'externalSystem',
      x: 2371,
      y: 2056,
      width: 320,
      height: 180,
      labelBBox: {
        x: 117,
        y: 76,
        width: 87,
        height: 24,
      },
      navigateTo: null,
      links: null,
    },
    {
      id: 'orderCommsOrdering',
      parent: null,
      level: 0,
      children: [],
      inEdges: [
        'bcr4ow',
        'mrluy7',
      ],
      outEdges: [
        '4eqnvw',
        'keu5r4',
      ],
      title: 'Order Comms - Test Ordering',
      modelRef: 'orderCommsOrdering',
      shape: 'rectangle',
      color: 'gray',
      style: {
        opacity: 15,
        size: 'md',
      },
      tags: [],
      kind: 'externalSystem',
      x: 1586,
      y: 666,
      width: 320,
      height: 180,
      labelBBox: {
        x: 26,
        y: 76,
        width: 270,
        height: 24,
      },
      navigateTo: null,
      links: null,
    },
    {
      id: 'nhsOnlineImageViewer',
      parent: null,
      level: 0,
      children: [],
      inEdges: [
        '10u91br',
      ],
      outEdges: [
        'a7n5zs',
      ],
      title: 'NHS Online Image Viewer',
      modelRef: 'nhsOnlineImageViewer',
      shape: 'rectangle',
      color: 'gray',
      style: {
        opacity: 15,
        size: 'md',
      },
      tags: [],
      kind: 'externalSystem',
      x: 329,
      y: 666,
      width: 320,
      height: 180,
      labelBBox: {
        x: 42,
        y: 76,
        width: 237,
        height: 24,
      },
      navigateTo: null,
      links: null,
    },
    {
      id: 'nrl',
      parent: null,
      level: 0,
      children: [],
      inEdges: [
        '5qwq80',
      ],
      outEdges: [],
      title: 'National Record Locator (NRL)',
      modelRef: 'nrl',
      shape: 'rectangle',
      color: 'gray',
      style: {
        opacity: 15,
        size: 'md',
      },
      tags: [],
      kind: 'externalSystem',
      x: 1156,
      y: 666,
      width: 320,
      height: 180,
      labelBBox: {
        x: 21,
        y: 76,
        width: 279,
        height: 24,
      },
      navigateTo: null,
      links: null,
    },
    {
      id: 'nds',
      parent: null,
      level: 0,
      children: [],
      inEdges: [
        'n32esn',
        '5qwqh5',
        '4eqnvw',
      ],
      outEdges: [
        '1wczmrp',
        '18k7st0',
        'ko0lco',
        '18k7ssq',
        '1j97vad',
        '1vzjuvx',
        '1dxb194',
        '18k8gqr',
        'chpkp2',
        '6c0b8n',
      ],
      title: 'NDS',
      modelRef: 'nds',
      shape: 'rectangle',
      color: 'primary',
      style: {
        opacity: 15,
        size: 'md',
      },
      tags: [],
      technology: 'AWS, FHIR R4, REST API',
      kind: 'softwareSystem',
      x: 1586,
      y: 1009,
      width: 320,
      height: 180,
      labelBBox: {
        x: 81,
        y: 66,
        width: 158,
        height: 45,
      },
      navigateTo: null,
      links: null,
    },
    {
      id: 'nir',
      parent: null,
      level: 0,
      children: [],
      inEdges: [
        '5qwqjp',
        'a7n5zs',
      ],
      outEdges: [
        '1b6veok',
      ],
      title: 'National Imaging Repository (NIR)',
      modelRef: 'nir',
      shape: 'rectangle',
      color: 'gray',
      style: {
        opacity: 15,
        size: 'md',
      },
      tags: [],
      kind: 'externalSystem',
      x: 0,
      y: 1009,
      width: 336,
      height: 180,
      labelBBox: {
        x: 14,
        y: 76,
        width: 309,
        height: 24,
      },
      navigateTo: null,
      links: null,
    },
    {
      id: 'nhsLogin',
      parent: null,
      level: 0,
      children: [],
      inEdges: [
        '14ajzbj',
        '1idksir',
        '1wczmrp',
      ],
      outEdges: [],
      title: 'NHS login',
      modelRef: 'nhsLogin',
      shape: 'rectangle',
      color: 'indigo',
      icon: 'tech:oauth',
      style: {
        opacity: 15,
        size: 'md',
      },
      tags: [],
      technology: 'OAuth 2.0, OpenID Connect',
      kind: 'authenticationProvider',
      x: 1379,
      y: 2056,
      width: 320,
      height: 180,
      labelBBox: {
        x: 63,
        y: 66,
        width: 225,
        height: 45,
      },
      navigateTo: null,
      links: null,
    },
    {
      id: 'pds',
      parent: null,
      level: 0,
      children: [],
      inEdges: [
        '18k7st0',
      ],
      outEdges: [],
      title: 'Personal Demographics Service (PDS)',
      modelRef: 'pds',
      shape: 'rectangle',
      color: 'gray',
      style: {
        opacity: 15,
        size: 'md',
      },
      tags: [],
      kind: 'externalSystem',
      x: 1445,
      y: 1369,
      width: 377,
      height: 180,
      labelBBox: {
        x: 14,
        y: 76,
        width: 350,
        height: 24,
      },
      navigateTo: null,
      links: null,
    },
    {
      id: 'uecDOS',
      parent: null,
      level: 0,
      children: [],
      inEdges: [
        'ko0lco',
      ],
      outEdges: [],
      title: 'UEC Directory of Services (DOS)',
      modelRef: 'uecDOS',
      shape: 'rectangle',
      color: 'gray',
      style: {
        opacity: 15,
        size: 'md',
      },
      tags: [],
      kind: 'externalSystem',
      x: 1933,
      y: 1369,
      width: 326,
      height: 180,
      labelBBox: {
        x: 14,
        y: 76,
        width: 298,
        height: 24,
      },
      navigateTo: null,
      links: null,
    },
    {
      id: 'BaRSProxy',
      parent: null,
      level: 0,
      children: [],
      inEdges: [
        '35qhtc',
        '1vzjuvx',
      ],
      outEdges: [
        '16vmm3b',
      ],
      title: 'BaRS Proxy',
      modelRef: 'BaRSProxy',
      shape: 'rectangle',
      color: 'gray',
      style: {
        opacity: 15,
        size: 'md',
      },
      tags: [],
      kind: 'externalSystem',
      x: 1141,
      y: 2399,
      width: 320,
      height: 180,
      labelBBox: {
        x: 104,
        y: 76,
        width: 113,
        height: 24,
      },
      navigateTo: null,
      links: null,
    },
    {
      id: 'cis2',
      parent: null,
      level: 0,
      children: [],
      inEdges: [
        '1f6cces',
        '1dxb194',
      ],
      outEdges: [],
      title: 'CIS2',
      modelRef: 'cis2',
      shape: 'rectangle',
      color: 'indigo',
      icon: 'tech:oauth',
      style: {
        opacity: 15,
        size: 'md',
      },
      tags: [],
      technology: 'OAuth 2.0, OpenID Connect',
      kind: 'authenticationProvider',
      x: 3725,
      y: 1369,
      width: 320,
      height: 180,
      labelBBox: {
        x: 63,
        y: 66,
        width: 225,
        height: 45,
      },
      navigateTo: null,
      links: null,
    },
    {
      id: 'mns',
      parent: null,
      level: 0,
      children: [],
      inEdges: [
        '18k8gqr',
      ],
      outEdges: [],
      title: 'Message Notification Service (MNS)',
      modelRef: 'mns',
      shape: 'rectangle',
      color: 'gray',
      style: {
        opacity: 15,
        size: 'md',
      },
      tags: [],
      kind: 'externalSystem',
      x: 2369,
      y: 1369,
      width: 353,
      height: 180,
      labelBBox: {
        x: 15,
        y: 76,
        width: 325,
        height: 24,
      },
      navigateTo: null,
      links: null,
    },
    {
      id: 'testCatalogue',
      parent: null,
      level: 0,
      children: [],
      inEdges: [
        'keu5r4',
        'chpkp2',
      ],
      outEdges: [],
      title: 'Test Catalogue',
      modelRef: 'testCatalogue',
      shape: 'rectangle',
      color: 'primary',
      style: {
        opacity: 15,
        size: 'md',
      },
      tags: [],
      kind: 'softwareSystem',
      x: 349,
      y: 1369,
      width: 320,
      height: 180,
      labelBBox: {
        x: 91,
        y: 76,
        width: 140,
        height: 24,
      },
      navigateTo: null,
      links: null,
    },
    {
      id: 'cdc',
      parent: null,
      level: 0,
      children: [
        'cdc.cdcAppointmentMangement',
        'cdc.orderCommsLab',
        'cdc.lims',
        'cdc.ris',
        'cdc.pacs',
      ],
      inEdges: [
        '16vmm3b',
        '1b6veok',
        '6c0b8n',
      ],
      outEdges: [
        '15mcw9z',
      ],
      title: 'Community Diagnostic Centre (CDC)',
      modelRef: 'cdc',
      shape: 'rectangle',
      color: 'blue',
      style: {
        border: 'dashed',
        opacity: 50,
        size: 'md',
        multiple: true,
      },
      tags: [],
      kind: 'careSetting',
      depth: 1,
      x: 286,
      y: 2724,
      width: 1223,
      height: 967,
      labelBBox: {
        x: 6,
        y: 0,
        width: 226,
        height: 15,
      },
      navigateTo: null,
      links: null,
    },
    {
      id: 'cdc.cdcAppointmentMangement',
      parent: 'cdc',
      level: 1,
      children: [],
      inEdges: [
        '16vmm3b',
      ],
      outEdges: [],
      title: 'CDC Appointment Management',
      modelRef: 'cdc.cdcAppointmentMangement',
      shape: 'rectangle',
      color: 'primary',
      style: {
        opacity: 15,
        size: 'md',
      },
      tags: [],
      kind: 'softwareSystem',
      x: 1141,
      y: 2785,
      width: 320,
      height: 180,
      labelBBox: {
        x: 17,
        y: 76,
        width: 287,
        height: 24,
      },
      navigateTo: null,
      links: null,
    },
    {
      id: 'cdc.orderCommsLab',
      parent: 'cdc',
      level: 1,
      children: [],
      inEdges: [
        '6c0b8n',
        'frdhnz',
        'ho1eqk',
      ],
      outEdges: [
        '15mcw9z',
        'zefqnj',
        '1rhrpzw',
      ],
      title: 'Order Comms - Lab',
      modelRef: 'cdc.orderCommsLab',
      shape: 'rectangle',
      color: 'primary',
      style: {
        opacity: 15,
        size: 'md',
      },
      tags: [],
      kind: 'softwareSystem',
      x: 651,
      y: 2785,
      width: 320,
      height: 180,
      labelBBox: {
        x: 70,
        y: 76,
        width: 181,
        height: 24,
      },
      navigateTo: null,
      links: null,
    },
    {
      id: 'pdm',
      parent: null,
      level: 0,
      children: [],
      inEdges: [
        '18k7ssq',
        '15mcw9z',
      ],
      outEdges: [],
      title: 'Patient Data Management (PDM)',
      modelRef: 'pdm',
      shape: 'storage',
      color: 'gray',
      style: {
        opacity: 15,
        size: 'md',
      },
      tags: [],
      technology: 'AWS Healthlake, FHIR R4',
      kind: 'externalSystem',
      x: 3391,
      y: 3128,
      width: 335,
      height: 180,
      labelBBox: {
        x: 18,
        y: 66,
        width: 300,
        height: 45,
      },
      navigateTo: null,
      links: null,
    },
    {
      id: 'cdc.lims',
      parent: 'cdc',
      level: 1,
      children: [],
      inEdges: [
        'zefqnj',
      ],
      outEdges: [
        'frdhnz',
      ],
      title: 'Laboratory Information Management System (LIMS)',
      modelRef: 'cdc.lims',
      shape: 'rectangle',
      color: 'primary',
      style: {
        opacity: 15,
        size: 'md',
      },
      tags: [],
      kind: 'softwareSystem',
      x: 334,
      y: 3128,
      width: 427,
      height: 180,
      labelBBox: {
        x: 14,
        y: 64,
        width: 400,
        height: 48,
      },
      navigateTo: null,
      links: null,
    },
    {
      id: 'cdc.ris',
      parent: 'cdc',
      level: 1,
      children: [],
      inEdges: [
        '1rhrpzw',
      ],
      outEdges: [
        'ho1eqk',
        '1qt7rc3',
      ],
      title: 'Radiology Information System (RIS)',
      modelRef: 'cdc.ris',
      shape: 'rectangle',
      color: 'primary',
      style: {
        opacity: 15,
        size: 'md',
      },
      tags: [],
      kind: 'softwareSystem',
      x: 871,
      y: 3128,
      width: 351,
      height: 180,
      labelBBox: {
        x: 15,
        y: 76,
        width: 323,
        height: 24,
      },
      navigateTo: null,
      links: null,
    },
    {
      id: 'cdc.pacs',
      parent: 'cdc',
      level: 1,
      children: [],
      inEdges: [
        '1b6veok',
        '1qt7rc3',
      ],
      outEdges: [],
      title: 'Picture Archiving and Communication System (PACS)',
      modelRef: 'cdc.pacs',
      shape: 'rectangle',
      color: 'primary',
      style: {
        opacity: 15,
        size: 'md',
      },
      tags: [],
      kind: 'softwareSystem',
      x: 864,
      y: 3471,
      width: 365,
      height: 180,
      labelBBox: {
        x: 15,
        y: 64,
        width: 337,
        height: 48,
      },
      navigateTo: null,
      links: null,
    },
  ],
  edges: [
    {
      id: '14ajzbj',
      source: 'patient',
      target: 'nhsLogin',
      label: 'Authenticate',
      points: [
        [
          1814,
          1862,
        ],
        [
          1763,
          1885,
        ],
        [
          1710,
          1915,
        ],
        [
          1667,
          1952,
        ],
        [
          1637,
          1979,
        ],
        [
          1611,
          2014,
        ],
        [
          1590,
          2047,
        ],
      ],
      labelBBox: {
        x: 1668,
        y: 1953,
        width: 167,
        height: 39,
      },
      parent: null,
      relations: [
        'gd00xh',
      ],
      color: 'gray',
      line: 'dashed',
      head: 'normal',
      technology: 'OAuth 2.0, OpenID Connect',
      controlPoints: null,
      navigateTo: null,
      tags: null,
    },
    {
      id: '1ws9mdp',
      source: 'patient',
      target: 'nhsApp',
      label: 'Manage Diagnostic tests',
      points: [
        [
          1938,
          1892,
        ],
        [
          1929,
          1928,
        ],
        [
          1929,
          1967,
        ],
        [
          1951,
          1996,
        ],
        [
          2001,
          2060,
        ],
        [
          2209,
          2102,
        ],
        [
          2361,
          2124,
        ],
      ],
      labelBBox: {
        x: 1952,
        y: 1964,
        width: 157,
        height: 18,
      },
      parent: null,
      relations: [
        'ayzale',
      ],
      color: 'gray',
      line: 'dashed',
      head: 'normal',
      controlPoints: null,
      navigateTo: null,
      tags: null,
    },
    {
      id: '1w6yejz',
      source: 'nhsNotify',
      target: 'patient',
      label: 'Send notifications',
      points: [
        [
          2833,
          1528,
        ],
        [
          2815,
          1536,
        ],
        [
          2796,
          1543,
        ],
        [
          2778,
          1549,
        ],
        [
          2548,
          1632,
        ],
        [
          2486,
          1639,
        ],
        [
          2252,
          1712,
        ],
        [
          2217,
          1724,
        ],
        [
          2179,
          1736,
        ],
        [
          2143,
          1747,
        ],
      ],
      labelBBox: {
        x: 2599,
        y: 1610,
        width: 117,
        height: 39,
      },
      parent: null,
      relations: [
        'mpxbro',
      ],
      color: 'gray',
      line: 'dashed',
      head: 'normal',
      technology: 'Email, SMS, Letter',
      controlPoints: null,
      navigateTo: null,
      tags: null,
    },
    {
      id: '1idksir',
      source: 'patientProxy',
      target: 'nhsLogin',
      label: 'Authenticate',
      points: [
        [
          2333,
          1892,
        ],
        [
          2273,
          1928,
        ],
        [
          2202,
          1968,
        ],
        [
          2133,
          1996,
        ],
        [
          1995,
          2051,
        ],
        [
          1830,
          2091,
        ],
        [
          1709,
          2115,
        ],
      ],
      labelBBox: {
        x: 2221,
        y: 1953,
        width: 167,
        height: 39,
      },
      parent: null,
      relations: [
        '1wv2nko',
      ],
      color: 'gray',
      line: 'dashed',
      head: 'normal',
      technology: 'OAuth 2.0, OpenID Connect',
      controlPoints: null,
      navigateTo: null,
      tags: null,
    },
    {
      id: '1dvrk2p',
      source: 'patientProxy',
      target: 'nhsApp',
      label: 'Manage Diagnostic tests',
      points: [
        [
          2484,
          1892,
        ],
        [
          2493,
          1939,
        ],
        [
          2504,
          1997,
        ],
        [
          2513,
          2046,
        ],
      ],
      labelBBox: {
        x: 2504,
        y: 1964,
        width: 157,
        height: 18,
      },
      parent: null,
      relations: [
        '14682un',
      ],
      color: 'gray',
      line: 'dashed',
      head: 'normal',
      controlPoints: null,
      navigateTo: null,
      tags: null,
    },
    {
      id: '1s9cked',
      source: 'requestingClinician',
      target: 'nhsOnline',
      label: 'Uses',
      points: [
        [
          1587,
          149,
        ],
        [
          1432,
          206,
        ],
        [
          1197,
          292,
        ],
        [
          1039,
          350,
        ],
      ],
      labelBBox: {
        x: 1861,
        y: 690,
        width: 36,
        height: 18,
      },
      parent: null,
      relations: [
        '33yent',
      ],
      color: 'gray',
      line: 'dashed',
      head: 'normal',
      controlPoints: [
        {
          x: 1701,
          y: 645,
        },
      ],
      navigateTo: null,
      tags: null,
    },
    {
      id: 'bcr4ow',
      source: 'requestingClinician',
      target: 'orderCommsOrdering',
      label: 'Place test order',
      points: [
        [
          1746,
          180,
        ],
        [
          1746,
          304,
        ],
        [
          1746,
          527,
        ],
        [
          1746,
          656,
        ],
      ],
      labelBBox: {
        x: 2274,
        y: 852,
        width: 102,
        height: 18,
      },
      parent: null,
      relations: [
        '1lbphj8',
      ],
      color: 'gray',
      line: 'dashed',
      head: 'normal',
      controlPoints: [
        {
          x: 2251,
          y: 848,
        },
      ],
      navigateTo: null,
      tags: null,
    },
    {
      id: '1f6cces',
      source: 'requestingClinician',
      target: 'cis2',
      label: 'Authenticate',
      points: [
        [
          1906,
          97,
        ],
        [
          2426,
          117,
        ],
        [
          4037,
          196,
        ],
        [
          4037,
          412,
        ],
        [
          4037,
          412,
        ],
        [
          4037,
          412,
        ],
        [
          4037,
          1100,
        ],
        [
          4037,
          1194,
        ],
        [
          3993,
          1291,
        ],
        [
          3952,
          1361,
        ],
      ],
      labelBBox: {
        x: 4146,
        y: 830,
        width: 167,
        height: 39,
      },
      parent: null,
      relations: [
        '1ax1luz',
      ],
      color: 'gray',
      line: 'dashed',
      head: 'normal',
      technology: 'OAuth 2.0, OpenID Connect',
      controlPoints: [
        {
          x: 3677,
          y: 620,
        },
        {
          x: 4196,
          y: 637,
        },
        {
          x: 4016,
          y: 1246,
        },
      ],
      navigateTo: null,
      tags: null,
    },
    {
      id: '1wczmrp',
      source: 'nds',
      target: 'nhsLogin',
      label: 'Validate authentication tokens',
      points: [
        [
          1587,
          1177,
        ],
        [
          1513,
          1222,
        ],
        [
          1432,
          1286,
        ],
        [
          1390,
          1369,
        ],
        [
          1278,
          1594,
        ],
        [
          1403,
          1894,
        ],
        [
          1483,
          2047,
        ],
      ],
      labelBBox: {
        x: 1351,
        y: 1610,
        width: 191,
        height: 39,
      },
      parent: null,
      relations: [
        'kswa29',
      ],
      color: 'gray',
      line: 'dashed',
      head: 'normal',
      technology: 'OAuth 2.0, OpenID Connect',
      controlPoints: null,
      navigateTo: null,
      tags: null,
    },
    {
      id: '35qhtc',
      source: 'nhsApp',
      target: 'BaRSProxy',
      label: 'Manage Appointments',
      points: [
        [
          2371,
          2191,
        ],
        [
          2139,
          2255,
        ],
        [
          1709,
          2375,
        ],
        [
          1471,
          2441,
        ],
      ],
      labelBBox: {
        x: 1991,
        y: 2297,
        width: 144,
        height: 38,
      },
      parent: null,
      relations: [
        '14zooj1',
      ],
      color: 'gray',
      line: 'dashed',
      head: 'normal',
      technology: 'FHIR R4, REST API',
      controlPoints: null,
      navigateTo: null,
      tags: null,
    },
    {
      id: 'n32esn',
      source: 'nhsApp',
      target: 'nds',
      label: 'Request diagnostic test results',
      points: [
        [
          2691,
          2088,
        ],
        [
          2793,
          2046,
        ],
        [
          2922,
          1981,
        ],
        [
          3013,
          1892,
        ],
        [
          3192,
          1720,
        ],
        [
          3349,
          1573,
        ],
        [
          3208,
          1369,
        ],
        [
          3063,
          1159,
        ],
        [
          2270,
          1113,
        ],
        [
          1917,
          1103,
        ],
      ],
      labelBBox: {
        x: 3246,
        y: 1620,
        width: 195,
        height: 18,
      },
      parent: null,
      relations: [
        'l8k76z',
      ],
      color: 'gray',
      line: 'dashed',
      head: 'normal',
      controlPoints: null,
      navigateTo: null,
      tags: null,
    },
    {
      id: '1m4ljd4',
      source: 'nhsNotify',
      target: 'nhsApp',
      label: 'Send notifications',
      points: [
        [
          2953,
          1549,
        ],
        [
          2901,
          1660,
        ],
        [
          2803,
          1851,
        ],
        [
          2689,
          1996,
        ],
        [
          2675,
          2014,
        ],
        [
          2659,
          2032,
        ],
        [
          2642,
          2049,
        ],
      ],
      labelBBox: {
        x: 2870,
        y: 1782,
        width: 115,
        height: 39,
      },
      parent: null,
      relations: [
        'au7p2o',
      ],
      color: 'gray',
      line: 'dashed',
      head: 'normal',
      technology: 'Push Notifications',
      controlPoints: null,
      navigateTo: null,
      tags: null,
    },
    {
      id: '18k7st0',
      source: 'nds',
      target: 'pds',
      label: 'Query patient demographics',
      points: [
        [
          1719,
          1189,
        ],
        [
          1702,
          1241,
        ],
        [
          1682,
          1306,
        ],
        [
          1665,
          1360,
        ],
      ],
      labelBBox: {
        x: 1698,
        y: 1259,
        width: 180,
        height: 38,
      },
      parent: null,
      relations: [
        'edo2vw',
      ],
      color: 'gray',
      line: 'dashed',
      head: 'normal',
      technology: 'FHIR R4 UK Core, REST API',
      controlPoints: null,
      navigateTo: null,
      tags: null,
    },
    {
      id: 'ko0lco',
      source: 'nds',
      target: 'uecDOS',
      label: 'Query for CDCs and their available \nservices',
      points: [
        [
          1844,
          1189,
        ],
        [
          1865,
          1209,
        ],
        [
          1887,
          1229,
        ],
        [
          1906,
          1249,
        ],
        [
          1942,
          1285,
        ],
        [
          1979,
          1326,
        ],
        [
          2012,
          1362,
        ],
      ],
      labelBBox: {
        x: 1961,
        y: 1250,
        width: 221,
        height: 56,
      },
      parent: null,
      relations: [
        '1x2s4hu',
      ],
      color: 'gray',
      line: 'dashed',
      head: 'normal',
      technology: 'REST API',
      controlPoints: null,
      navigateTo: null,
      tags: null,
    },
    {
      id: 'mrluy7',
      source: 'nhsOnline',
      target: 'orderCommsOrdering',
      label: 'Uses',
      points: [
        [
          1029,
          470,
        ],
        [
          1105,
          498,
        ],
        [
          1197,
          531,
        ],
        [
          1278,
          563,
        ],
        [
          1392,
          607,
        ],
        [
          1419,
          620,
        ],
        [
          1531,
          666,
        ],
        [
          1546,
          672,
        ],
        [
          1561,
          678,
        ],
        [
          1577,
          685,
        ],
      ],
      labelBBox: {
        x: 1385,
        y: 574,
        width: 36,
        height: 18,
      },
      parent: null,
      relations: [
        '34ivys',
      ],
      color: 'gray',
      line: 'dashed',
      head: 'normal',
      controlPoints: null,
      navigateTo: null,
      tags: null,
    },
    {
      id: '10u91br',
      source: 'nhsOnline',
      target: 'nhsOnlineImageViewer',
      label: 'View diagnostic images',
      points: [
        [
          711,
          503,
        ],
        [
          684,
          521,
        ],
        [
          657,
          541,
        ],
        [
          634,
          563,
        ],
        [
          604,
          591,
        ],
        [
          575,
          626,
        ],
        [
          552,
          658,
        ],
      ],
      labelBBox: {
        x: 635,
        y: 574,
        width: 150,
        height: 18,
      },
      parent: null,
      relations: [
        'syefc1',
      ],
      color: 'gray',
      line: 'dashed',
      head: 'normal',
      controlPoints: null,
      navigateTo: null,
      tags: null,
    },
    {
      id: '5qwqjp',
      source: 'nhsOnline',
      target: 'nir',
      label: 'Query for imaging results',
      points: [
        [
          709,
          444,
        ],
        [
          509,
          486,
        ],
        [
          183,
          568,
        ],
        [
          112,
          666,
        ],
        [
          42,
          763,
        ],
        [
          80,
          905,
        ],
        [
          119,
          1000,
        ],
      ],
      labelBBox: {
        x: 113,
        y: 735,
        width: 160,
        height: 39,
      },
      parent: null,
      relations: [
        'fjlzb1',
      ],
      color: 'gray',
      line: 'dashed',
      head: 'normal',
      technology: 'DICOM, IHE',
      controlPoints: null,
      navigateTo: null,
      tags: null,
    },
    {
      id: '5qwq80',
      source: 'nhsOnline',
      target: 'nrl',
      label: 'Query for lab results',
      points: [
        [
          986,
          503,
        ],
        [
          1049,
          551,
        ],
        [
          1127,
          611,
        ],
        [
          1192,
          660,
        ],
      ],
      labelBBox: {
        x: 1121,
        y: 564,
        width: 130,
        height: 39,
      },
      parent: null,
      relations: [
        '1k5e7yv',
      ],
      color: 'gray',
      line: 'dashed',
      head: 'normal',
      technology: 'FHIR R4, REST API',
      controlPoints: null,
      navigateTo: null,
      tags: null,
    },
    {
      id: '5qwqh5',
      source: 'nhsOnline',
      target: 'nds',
      label: 'Request diagnostic test',
      points: [
        [
          855,
          503,
        ],
        [
          844,
          599,
        ],
        [
          844,
          751,
        ],
        [
          925,
          846,
        ],
        [
          1009,
          946,
        ],
        [
          1361,
          1027,
        ],
        [
          1576,
          1068,
        ],
      ],
      labelBBox: {
        x: 926,
        y: 735,
        width: 175,
        height: 39,
      },
      parent: null,
      relations: [
        '92c744',
      ],
      color: 'gray',
      line: 'dashed',
      head: 'normal',
      technology: 'FHIR R4 UK Core, REST API',
      controlPoints: null,
      navigateTo: null,
      tags: null,
    },
    {
      id: '18k7ssq',
      source: 'nds',
      target: 'pdm',
      label: 'Store and retrieve diagnostic test data',
      points: [
        [
          1906,
          1109,
        ],
        [
          2227,
          1128,
        ],
        [
          2936,
          1178,
        ],
        [
          3168,
          1249,
        ],
        [
          3357,
          1307,
        ],
        [
          3559,
          1261,
        ],
        [
          3559,
          1458,
        ],
        [
          3559,
          1458,
        ],
        [
          3559,
          1458,
        ],
        [
          3559,
          2876,
        ],
        [
          3559,
          2957,
        ],
        [
          3559,
          3049,
        ],
        [
          3559,
          3117,
        ],
      ],
      labelBBox: {
        x: 3560,
        y: 2125,
        width: 240,
        height: 39,
      },
      parent: null,
      relations: [
        '11bgn7l',
      ],
      color: 'gray',
      line: 'dashed',
      head: 'normal',
      technology: 'FHIR R4, REST API',
      controlPoints: null,
      navigateTo: null,
      tags: null,
    },
    {
      id: '1j97vad',
      source: 'nds',
      target: 'nhsNotify',
      label: 'Send patient communications',
      points: [
        [
          1906,
          1125,
        ],
        [
          2054,
          1150,
        ],
        [
          2279,
          1193,
        ],
        [
          2470,
          1249,
        ],
        [
          2611,
          1291,
        ],
        [
          2642,
          1314,
        ],
        [
          2778,
          1369,
        ],
        [
          2793,
          1375,
        ],
        [
          2809,
          1381,
        ],
        [
          2824,
          1388,
        ],
      ],
      labelBBox: {
        x: 2637,
        y: 1259,
        width: 227,
        height: 38,
      },
      parent: null,
      relations: [
        '1840dm4',
      ],
      color: 'gray',
      line: 'dashed',
      head: 'normal',
      technology: 'JSON, REST API, Application Restricted JWT',
      controlPoints: null,
      navigateTo: null,
      tags: null,
    },
    {
      id: '4eqnvw',
      source: 'orderCommsOrdering',
      target: 'nds',
      label: 'Send test orders',
      points: [
        [
          1746,
          846,
        ],
        [
          1746,
          893,
        ],
        [
          1746,
          950,
        ],
        [
          1746,
          999,
        ],
      ],
      labelBBox: {
        x: 1747,
        y: 907,
        width: 125,
        height: 39,
      },
      parent: null,
      relations: [
        'j0fd0m',
      ],
      color: 'gray',
      line: 'dashed',
      head: 'normal',
      technology: 'FHIR R4, REST API',
      controlPoints: null,
      navigateTo: null,
      tags: null,
    },
    {
      id: 'keu5r4',
      source: 'orderCommsOrdering',
      target: 'testCatalogue',
      label: 'Synchronize available diagnostic tests \nand associated metadata',
      points: [
        [
          1586,
          823,
        ],
        [
          1568,
          831,
        ],
        [
          1549,
          839,
        ],
        [
          1531,
          846,
        ],
        [
          1096,
          1026,
        ],
        [
          852,
          887,
        ],
        [
          552,
          1249,
        ],
        [
          527,
          1280,
        ],
        [
          515,
          1321,
        ],
        [
          510,
          1359,
        ],
      ],
      labelBBox: {
        x: 873,
        y: 1070,
        width: 241,
        height: 56,
      },
      parent: null,
      relations: [
        '1xpkv95',
      ],
      color: 'gray',
      line: 'dashed',
      head: 'normal',
      technology: 'FHIR R4, REST API',
      controlPoints: null,
      navigateTo: null,
      tags: null,
    },
    {
      id: 'a7n5zs',
      source: 'nhsOnlineImageViewer',
      target: 'nir',
      label: 'Retrieve imaging data for viewing',
      points: [
        [
          406,
          846,
        ],
        [
          361,
          894,
        ],
        [
          305,
          953,
        ],
        [
          259,
          1002,
        ],
      ],
      labelBBox: {
        x: 349,
        y: 907,
        width: 211,
        height: 39,
      },
      parent: null,
      relations: [
        '1rgbk9y',
      ],
      color: 'gray',
      line: 'dashed',
      head: 'normal',
      technology: 'DICOM, IHE',
      controlPoints: null,
      navigateTo: null,
      tags: null,
    },
    {
      id: '1vzjuvx',
      source: 'nds',
      target: 'BaRSProxy',
      label: 'Refer patients to CDC',
      points: [
        [
          1587,
          1114,
        ],
        [
          1383,
          1141,
        ],
        [
          1057,
          1221,
        ],
        [
          1057,
          1458,
        ],
        [
          1057,
          1458,
        ],
        [
          1057,
          1458,
        ],
        [
          1057,
          2147,
        ],
        [
          1057,
          2242,
        ],
        [
          1121,
          2329,
        ],
        [
          1184,
          2392,
        ],
      ],
      labelBBox: {
        x: 1058,
        y: 1782,
        width: 141,
        height: 39,
      },
      parent: null,
      relations: [
        'izhorm',
      ],
      color: 'gray',
      line: 'dashed',
      head: 'normal',
      technology: 'FHIR R4, REST API',
      controlPoints: null,
      navigateTo: null,
      tags: null,
    },
    {
      id: '1dxb194',
      source: 'nds',
      target: 'cis2',
      label: 'Validate clinician authentication tokens',
      points: [
        [
          1906,
          1101,
        ],
        [
          2300,
          1106,
        ],
        [
          3306,
          1129,
        ],
        [
          3616,
          1249,
        ],
        [
          3634,
          1256,
        ],
        [
          3705,
          1311,
        ],
        [
          3769,
          1363,
        ],
      ],
      labelBBox: {
        x: 3698,
        y: 1259,
        width: 244,
        height: 38,
      },
      parent: null,
      relations: [
        'ayxia5',
      ],
      color: 'gray',
      line: 'dashed',
      head: 'normal',
      technology: 'OAuth 2.0, OpenID Connect',
      controlPoints: null,
      navigateTo: null,
      tags: null,
    },
    {
      id: '18k8gqr',
      source: 'nds',
      target: 'mns',
      label: 'Consume events',
      points: [
        [
          1906,
          1141,
        ],
        [
          1997,
          1167,
        ],
        [
          2113,
          1204,
        ],
        [
          2210,
          1249,
        ],
        [
          2279,
          1281,
        ],
        [
          2352,
          1325,
        ],
        [
          2411,
          1364,
        ],
      ],
      labelBBox: {
        x: 2317,
        y: 1259,
        width: 125,
        height: 38,
      },
      parent: null,
      relations: [
        'ncnsak',
      ],
      color: 'gray',
      line: 'dashed',
      head: 'normal',
      technology: 'FHIR R4, REST API',
      controlPoints: null,
      navigateTo: null,
      tags: null,
    },
    {
      id: 'chpkp2',
      source: 'nds',
      target: 'testCatalogue',
      label: 'Maintain list of available diagnostic \ntests and associated metadata',
      points: [
        [
          1587,
          1121,
        ],
        [
          1282,
          1160,
        ],
        [
          646,
          1243,
        ],
        [
          636,
          1249,
        ],
        [
          596,
          1275,
        ],
        [
          566,
          1319,
        ],
        [
          546,
          1360,
        ],
      ],
      labelBBox: {
        x: 637,
        y: 1250,
        width: 220,
        height: 56,
      },
      parent: null,
      relations: [
        '1sor3ni',
      ],
      color: 'gray',
      line: 'dashed',
      head: 'normal',
      technology: 'FHIR R4, REST API',
      controlPoints: null,
      navigateTo: null,
      tags: null,
    },
    {
      id: '16vmm3b',
      source: 'BaRSProxy',
      target: 'cdc.cdcAppointmentMangement',
      label: 'Proxy appointment management requests \nand referals to CDC Appointment \nManagement',
      points: [
        [
          1301,
          2578,
        ],
        [
          1301,
          2637,
        ],
        [
          1301,
          2714,
        ],
        [
          1301,
          2775,
        ],
      ],
      labelBBox: {
        x: 1302,
        y: 2640,
        width: 264,
        height: 72,
      },
      parent: null,
      relations: [
        '1g0h50p',
      ],
      color: 'gray',
      line: 'dashed',
      head: 'normal',
      technology: 'FHIR R4, REST API',
      controlPoints: null,
      navigateTo: null,
      tags: null,
    },
    {
      id: '1b6veok',
      source: 'nir',
      target: 'cdc.pacs',
      label: 'Query/Retrieve imaging data',
      points: [
        [
          168,
          1189,
        ],
        [
          168,
          1261,
        ],
        [
          168,
          1366,
        ],
        [
          168,
          1458,
        ],
        [
          168,
          1458,
        ],
        [
          168,
          1458,
        ],
        [
          168,
          3219,
        ],
        [
          168,
          3365,
        ],
        [
          596,
          3473,
        ],
        [
          854,
          3525,
        ],
      ],
      labelBBox: {
        x: 169,
        y: 2297,
        width: 182,
        height: 38,
      },
      parent: null,
      relations: [
        'fynjcd',
      ],
      color: 'gray',
      line: 'dashed',
      head: 'normal',
      technology: 'DICOM, IHE',
      controlPoints: null,
      navigateTo: null,
      tags: null,
    },
    {
      id: '6c0b8n',
      source: 'nds',
      target: 'cdc.orderCommsLab',
      label: 'Route test order to correct lab',
      points: [
        [
          1587,
          1120,
        ],
        [
          1418,
          1145,
        ],
        [
          1165,
          1189,
        ],
        [
          1089,
          1249,
        ],
        [
          1043,
          1286,
        ],
        [
          1055,
          1315,
        ],
        [
          1030,
          1369,
        ],
        [
          910,
          1633,
        ],
        [
          781,
          1683,
        ],
        [
          781,
          1973,
        ],
        [
          781,
          1973,
        ],
        [
          781,
          1973,
        ],
        [
          781,
          2490,
        ],
        [
          781,
          2587,
        ],
        [
          791,
          2697,
        ],
        [
          799,
          2775,
        ],
      ],
      labelBBox: {
        x: 782,
        y: 1953,
        width: 189,
        height: 39,
      },
      parent: null,
      relations: [
        '1nizpsy',
      ],
      color: 'gray',
      line: 'dashed',
      head: 'normal',
      technology: 'FHIR R4, REST API',
      controlPoints: null,
      navigateTo: null,
      tags: null,
    },
    {
      id: '15mcw9z',
      source: 'cdc.orderCommsLab',
      target: 'pdm',
      label: 'Send test results data',
      points: [
        [
          971,
          2934,
        ],
        [
          1009,
          2946,
        ],
        [
          1049,
          2957,
        ],
        [
          1086,
          2965,
        ],
        [
          1933,
          3143,
        ],
        [
          2970,
          3197,
        ],
        [
          3380,
          3212,
        ],
      ],
      labelBBox: {
        x: 1623,
        y: 3026,
        width: 139,
        height: 39,
      },
      parent: null,
      relations: [
        'g3273v',
      ],
      color: 'gray',
      line: 'dashed',
      head: 'normal',
      technology: 'FHIR R4, REST API',
      controlPoints: null,
      navigateTo: null,
      tags: null,
    },
    {
      id: 'zefqnj',
      source: 'cdc.orderCommsLab',
      target: 'cdc.lims',
      label: 'Send test orders to lab workflow',
      points: [
        [
          651,
          2893,
        ],
        [
          566,
          2911,
        ],
        [
          468,
          2948,
        ],
        [
          414,
          3025,
        ],
        [
          393,
          3056,
        ],
        [
          404,
          3090,
        ],
        [
          428,
          3120,
        ],
      ],
      labelBBox: {
        x: 415,
        y: 3026,
        width: 203,
        height: 39,
      },
      parent: 'cdc',
      relations: [
        '188fbe9',
      ],
      color: 'gray',
      line: 'dashed',
      head: 'normal',
      technology: 'HL7v2',
      controlPoints: null,
      navigateTo: null,
      tags: null,
    },
    {
      id: '1rhrpzw',
      source: 'cdc.orderCommsLab',
      target: 'cdc.ris',
      label: 'Send test orders to radiology workflow',
      points: [
        [
          873,
          2965,
        ],
        [
          906,
          3012,
        ],
        [
          946,
          3071,
        ],
        [
          980,
          3120,
        ],
      ],
      labelBBox: {
        x: 944,
        y: 3026,
        width: 241,
        height: 39,
      },
      parent: 'cdc',
      relations: [
        '1bppza8',
      ],
      color: 'gray',
      line: 'dashed',
      head: 'normal',
      technology: 'HL7v2',
      controlPoints: null,
      navigateTo: null,
      tags: null,
    },
    {
      id: 'frdhnz',
      source: 'cdc.lims',
      target: 'cdc.orderCommsLab',
      label: 'Return test results',
      points: [
        [
          617,
          3128,
        ],
        [
          654,
          3080,
        ],
        [
          699,
          3022,
        ],
        [
          737,
          2973,
        ],
      ],
      labelBBox: {
        x: 697,
        y: 3026,
        width: 118,
        height: 39,
      },
      parent: 'cdc',
      relations: [
        '1rl828i',
      ],
      color: 'gray',
      line: 'dashed',
      head: 'normal',
      technology: 'HL7v2',
      controlPoints: null,
      navigateTo: null,
      tags: null,
    },
    {
      id: 'ho1eqk',
      source: 'cdc.ris',
      target: 'cdc.orderCommsLab',
      label: 'Return test results',
      points: [
        [
          1187,
          3128,
        ],
        [
          1219,
          3097,
        ],
        [
          1238,
          3060,
        ],
        [
          1213,
          3025,
        ],
        [
          1199,
          3004,
        ],
        [
          1084,
          2963,
        ],
        [
          981,
          2929,
        ],
      ],
      labelBBox: {
        x: 1226,
        y: 3026,
        width: 118,
        height: 39,
      },
      parent: 'cdc',
      relations: [
        'ns01i9',
      ],
      color: 'gray',
      line: 'dashed',
      head: 'normal',
      technology: 'HL7v2',
      controlPoints: null,
      navigateTo: null,
      tags: null,
    },
    {
      id: '1qt7rc3',
      source: 'cdc.ris',
      target: 'cdc.pacs',
      label: 'Forward order requests',
      points: [
        [
          1047,
          3308,
        ],
        [
          1047,
          3355,
        ],
        [
          1047,
          3412,
        ],
        [
          1047,
          3461,
        ],
      ],
      labelBBox: {
        x: 1048,
        y: 3369,
        width: 150,
        height: 39,
      },
      parent: 'cdc',
      relations: [
        '1qblyah',
      ],
      color: 'gray',
      line: 'dashed',
      head: 'normal',
      technology: '?',
      controlPoints: null,
      navigateTo: null,
      tags: null,
    },
  ],
  _layout: 'manual',
}
