{
  _type: 'element',
  tags: null,
  links: null,
  _stage: 'layouted',
  sourcePath: 'src/views.c4',
  description: null,
  title: 'Diagnostic Test Ordering View',
  id: 'testOrderingView',
  autoLayout: {
    direction: 'TB',
  },
  hash: 'OrAQ2J9LFaDprnwznHZKR92ExhSJ48r0hMkpk1mpjzk',
  bounds: {
    x: -579,
    y: -203,
    width: 2626,
    height: 2125,
  },
  nodes: [
    {
      id: 'patient',
      parent: null,
      level: 0,
      children: [],
      inEdges: [],
      outEdges: [
        '1ws9mdp',
      ],
      title: 'Patient',
      modelRef: 'patient',
      shape: 'person',
      color: 'green',
      style: {
        opacity: 15,
        size: 'md',
      },
      tags: [],
      kind: 'citizen',
      x: -447,
      y: -183,
      width: 320,
      height: 180,
      labelBBox: {
        x: 127,
        y: 76,
        width: 66,
        height: 24,
      },
      navigateTo: null,
      links: null,
    },
    {
      id: 'nhsoClincian',
      parent: null,
      level: 0,
      children: [],
      inEdges: [],
      outEdges: [
        '1tqt49z',
        'tn66ye',
      ],
      title: 'NHS Online Clinican',
      modelRef: 'nhsoClincian',
      shape: 'person',
      color: 'green',
      style: {
        opacity: 15,
        size: 'md',
      },
      tags: [
        'testRequestTag',
      ],
      kind: 'clinican',
      x: 960,
      y: -158,
      width: 320,
      height: 180,
      labelBBox: {
        x: 67,
        y: 76,
        width: 186,
        height: 24,
      },
      navigateTo: null,
      links: null,
    },
    {
      id: 'nhsOnline',
      parent: null,
      level: 0,
      children: [],
      inEdges: [
        '1tqt49z',
      ],
      outEdges: [
        '1blihvf',
        'w89wq5',
        '1abmd6b',
      ],
      title: 'NHS Online',
      modelRef: 'nhsOnline',
      shape: 'rectangle',
      color: 'gray',
      style: {
        opacity: 15,
        size: 'md',
      },
      tags: [],
      kind: 'externalSystem',
      x: 960,
      y: 200,
      width: 320,
      height: 180,
      labelBBox: {
        x: 105,
        y: 76,
        width: 110,
        height: 24,
      },
      navigateTo: null,
      links: null,
    },
    {
      id: 'nds',
      parent: null,
      level: 0,
      children: [
        'nds.testRequestFHIRAPI',
        'nds.testRequestOrchestrator',
        'nds.taskmanagement',
        'nds.patientNotifications',
      ],
      inEdges: [
        'w89wq5',
      ],
      outEdges: [
        '9ysjp8',
        '1d2kdgt',
        '180smrb',
        'hr451i',
      ],
      title: 'NDS',
      modelRef: 'nds',
      shape: 'rectangle',
      color: 'primary',
      style: {
        opacity: 15,
        size: 'md',
      },
      tags: [
        'testRequestTag',
      ],
      technology: 'AWS, FHIR R4, REST API',
      kind: 'softwareSystem',
      depth: 1,
      x: 297,
      y: 625,
      width: 1069,
      height: 869,
      labelBBox: {
        x: 6,
        y: 0,
        width: 27,
        height: 15,
      },
      navigateTo: null,
      links: null,
    },
    {
      id: 'ndsDoS',
      parent: null,
      level: 0,
      children: [
        'ndsDoS.ndsDoSFHIRAPI',
      ],
      inEdges: [
        '1abmd6b',
      ],
      outEdges: [],
      title: 'NDS Directory of Services (DoS)',
      modelRef: 'ndsDoS',
      shape: 'rectangle',
      color: 'primary',
      style: {
        opacity: 15,
        size: 'md',
      },
      tags: [
        'testRequestTag',
      ],
      kind: 'softwareSystem',
      depth: 1,
      x: 18,
      y: 149,
      width: 404,
      height: 282,
      labelBBox: {
        x: 6,
        y: 0,
        width: 206,
        height: 15,
      },
      navigateTo: null,
      links: null,
    },
    {
      id: 'nds.testRequestFHIRAPI',
      parent: 'nds',
      level: 1,
      children: [],
      inEdges: [
        'w89wq5',
      ],
      outEdges: [
        '9ysjp8',
        'wyxwjt',
      ],
      title: 'Request a diagnostic test FHIR API',
      modelRef: 'nds.testRequestFHIRAPI',
      shape: 'rectangle',
      color: 'amber',
      style: {
        opacity: 15,
        size: 'md',
      },
      tags: [
        'testRequestTag',
      ],
      technology: 'FHIR R4 UK Core',
      kind: 'api',
      x: 956,
      y: 685,
      width: 354,
      height: 180,
      labelBBox: {
        x: 18,
        y: 66,
        width: 319,
        height: 45,
      },
      navigateTo: null,
      links: null,
    },
    {
      id: 'ndsDoS.ndsDoSFHIRAPI',
      parent: 'ndsDoS',
      level: 1,
      children: [],
      inEdges: [
        '1abmd6b',
      ],
      outEdges: [],
      title: 'NDS DoS FHIR API',
      modelRef: 'ndsDoS.ndsDoSFHIRAPI',
      shape: 'rectangle',
      color: 'amber',
      style: {
        opacity: 15,
        size: 'md',
      },
      tags: [
        'appointmentManagementTag',
        'testRequestTag',
      ],
      kind: 'api',
      x: 60,
      y: 209,
      width: 320,
      height: 180,
      labelBBox: {
        x: 70,
        y: 76,
        width: 181,
        height: 24,
      },
      navigateTo: null,
      links: null,
    },
    {
      id: 'cis2',
      parent: null,
      level: 0,
      children: [],
      inEdges: [
        '1blihvf',
        'tn66ye',
        '9ysjp8',
      ],
      outEdges: [],
      title: 'CIS2',
      modelRef: 'cis2',
      shape: 'rectangle',
      color: 'indigo',
      icon: 'tech:oauth',
      style: {
        opacity: 15,
        size: 'md',
      },
      tags: [],
      technology: 'OAuth 2.0, OpenID Connect',
      kind: 'authenticationProvider',
      x: 1707,
      y: 199,
      width: 320,
      height: 180,
      labelBBox: {
        x: 63,
        y: 66,
        width: 224,
        height: 45,
      },
      navigateTo: null,
      links: null,
    },
    {
      id: 'nds.testRequestOrchestrator',
      parent: 'nds',
      level: 1,
      children: [],
      inEdges: [
        'wyxwjt',
      ],
      outEdges: [
        '1d2kdgt',
        'u7j8fx',
        'fonrpq',
      ],
      title: 'Diagnostic Test Request Orchestrator',
      modelRef: 'nds.testRequestOrchestrator',
      shape: 'rectangle',
      color: 'primary',
      style: {
        opacity: 15,
        size: 'md',
      },
      description: {
        txt: 'Orchestration for diagnostic test requests',
      },
      tags: [
        'testRequestTag',
      ],
      kind: 'component',
      x: 950,
      y: 998,
      width: 374,
      height: 180,
      labelBBox: {
        x: 18,
        y: 65,
        width: 339,
        height: 47,
      },
      navigateTo: null,
      links: null,
    },
    {
      id: 'nds.taskmanagement',
      parent: 'nds',
      level: 1,
      children: [],
      inEdges: [
        'u7j8fx',
      ],
      outEdges: [
        '180smrb',
      ],
      title: 'Task Management',
      modelRef: 'nds.taskmanagement',
      shape: 'rectangle',
      color: 'primary',
      style: {
        opacity: 15,
        size: 'md',
      },
      tags: [
        'appointmentManagementTag',
        'testRequestTag',
      ],
      kind: 'component',
      x: 520,
      y: 1272,
      width: 320,
      height: 180,
      labelBBox: {
        x: 75,
        y: 76,
        width: 170,
        height: 24,
      },
      navigateTo: null,
      links: null,
    },
    {
      id: 'nds.patientNotifications',
      parent: 'nds',
      level: 1,
      children: [],
      inEdges: [
        'fonrpq',
      ],
      outEdges: [
        'hr451i',
      ],
      title: 'Patient Notifications',
      modelRef: 'nds.patientNotifications',
      shape: 'rectangle',
      color: 'primary',
      style: {
        opacity: 15,
        size: 'md',
      },
      tags: [
        'appointmentManagementTag',
        'testRequestTag',
      ],
      kind: 'component',
      x: 339,
      y: 1001,
      width: 320,
      height: 180,
      labelBBox: {
        x: 70,
        y: 76,
        width: 181,
        height: 24,
      },
      navigateTo: null,
      links: null,
    },
    {
      id: 'nhsNotify',
      parent: null,
      level: 0,
      children: [],
      inEdges: [
        'hr451i',
      ],
      outEdges: [
        '1m4ljd4',
      ],
      title: 'NHS Notify',
      modelRef: 'nhsNotify',
      shape: 'rectangle',
      color: 'gray',
      style: {
        opacity: 15,
        size: 'md',
      },
      tags: [],
      kind: 'externalSystem',
      x: -216,
      y: 1025,
      width: 320,
      height: 180,
      labelBBox: {
        x: 109,
        y: 76,
        width: 103,
        height: 24,
      },
      navigateTo: null,
      links: null,
    },
    {
      id: 'nhsApp',
      parent: null,
      level: 0,
      children: [],
      inEdges: [
        '1ws9mdp',
        '1m4ljd4',
      ],
      outEdges: [
        '41sg3u',
      ],
      title: 'NHS App',
      modelRef: 'nhsApp',
      shape: 'mobile',
      color: 'gray',
      style: {
        opacity: 15,
        size: 'md',
      },
      tags: [],
      kind: 'externalSystem',
      x: -439,
      y: 202,
      width: 320,
      height: 180,
      labelBBox: {
        x: 116,
        y: 76,
        width: 87,
        height: 24,
      },
      navigateTo: null,
      links: null,
    },
    {
      id: 'taskingSolution',
      parent: null,
      level: 0,
      children: [],
      inEdges: [
        '41sg3u',
        '180smrb',
      ],
      outEdges: [
        '14qj6qv',
      ],
      title: 'Tasking Solution',
      modelRef: 'taskingSolution',
      shape: 'rectangle',
      color: 'gray',
      style: {
        opacity: 15,
        size: 'md',
      },
      tags: [],
      kind: 'externalSystem',
      x: -559,
      y: 1283,
      width: 320,
      height: 180,
      labelBBox: {
        x: 84,
        y: 76,
        width: 152,
        height: 24,
      },
      navigateTo: null,
      links: null,
    },
    {
      id: 'pdm',
      parent: null,
      level: 0,
      children: [],
      inEdges: [
        '14qj6qv',
        '1d2kdgt',
      ],
      outEdges: [],
      title: 'Patient Data Management (PDM)',
      modelRef: 'pdm',
      shape: 'storage',
      color: 'gray',
      style: {
        opacity: 15,
        size: 'md',
      },
      tags: [],
      technology: 'AWS Healthlake, FHIR R4',
      kind: 'externalSystem',
      x: 604,
      y: 1722,
      width: 335,
      height: 180,
      labelBBox: {
        x: 18,
        y: 66,
        width: 300,
        height: 45,
      },
      navigateTo: null,
      links: null,
    },
  ],
  edges: [
    {
      id: '1blihvf',
      source: 'nhsOnline',
      target: 'cis2',
      label: 'Validate authentication',
      points: [
        [
          1387,
          503,
        ],
        [
          1401,
          628,
        ],
        [
          1425,
          857,
        ],
        [
          1439,
          988,
        ],
      ],
      labelBBox: {
        x: 1498,
        y: 281,
        width: 146,
        height: 18,
      },
      parent: null,
      relations: [
        '1ofl6rj',
      ],
      color: 'gray',
      line: 'dashed',
      head: 'normal',
      isLabelCustomized: false,
      controlPoints: [
        {
          x: 1615,
          y: 288,
        },
      ],
      navigateTo: null,
      tags: null,
    },
    {
      id: '14qj6qv',
      source: 'taskingSolution',
      target: 'pdm',
      label: 'Read/Write tasks',
      points: [
        [
          1030,
          2469,
        ],
        [
          1030,
          2510,
        ],
        [
          1030,
          2559,
        ],
        [
          1030,
          2601,
        ],
      ],
      labelBBox: {
        x: 101,
        y: 1560,
        width: 111,
        height: 18,
      },
      parent: null,
      relations: [
        'z3v1cr',
      ],
      color: 'gray',
      line: 'dashed',
      head: 'normal',
      isLabelCustomized: false,
      controlPoints: [
        {
          x: 101,
          y: 1560,
        },
        {
          x: 264,
          y: 1621,
        },
      ],
      navigateTo: null,
      tags: null,
    },
    {
      id: '1ws9mdp',
      source: 'patient',
      target: 'nhsApp',
      label: 'Uses',
      points: [
        [
          719,
          1824,
        ],
        [
          776,
          1866,
        ],
        [
          845,
          1917,
        ],
        [
          903,
          1961,
        ],
      ],
      labelBBox: {
        x: -268,
        y: 95,
        width: 36,
        height: 18,
      },
      parent: null,
      relations: [
        'gb36lc',
      ],
      color: 'gray',
      line: 'dashed',
      head: 'normal',
      isLabelCustomized: false,
      controlPoints: [
        {
          x: -281,
          y: 95,
        },
      ],
      navigateTo: null,
      tags: null,
    },
    {
      id: '41sg3u',
      source: 'nhsApp',
      target: 'taskingSolution',
      label: 'Manage patient tasks',
      points: [
        [
          1030,
          2146,
        ],
        [
          1030,
          2188,
        ],
        [
          1030,
          2237,
        ],
        [
          1030,
          2279,
        ],
      ],
      labelBBox: {
        x: -331,
        y: 794,
        width: 137,
        height: 18,
      },
      parent: null,
      relations: [
        's9fwg2',
      ],
      color: 'gray',
      line: 'dashed',
      head: 'normal',
      isLabelCustomized: false,
      controlPoints: [
        {
          x: -334,
          y: 812,
        },
      ],
      navigateTo: null,
      tags: null,
    },
    {
      id: '1m4ljd4',
      source: 'nhsNotify',
      target: 'nhsApp',
      label: 'Push notifications',
      points: [
        [
          1030,
          1824,
        ],
        [
          1030,
          1865,
        ],
        [
          1030,
          1914,
        ],
        [
          1030,
          1956,
        ],
      ],
      labelBBox: {
        x: -158,
        y: 725,
        width: 114,
        height: 18,
      },
      parent: null,
      relations: [
        'is842r',
      ],
      color: 'gray',
      line: 'dashed',
      head: 'normal',
      isLabelCustomized: false,
      controlPoints: [
        {
          x: -161,
          y: 716,
        },
      ],
      navigateTo: null,
      tags: null,
    },
    {
      id: 'w89wq5',
      source: 'nhsOnline',
      target: 'nds.testRequestFHIRAPI',
      label: 'Request diagnostic test',
      points: [
        [
          1231,
          503,
        ],
        [
          1205,
          521,
        ],
        [
          1179,
          542,
        ],
        [
          1155,
          563,
        ],
        [
          1122,
          594,
        ],
        [
          1089,
          632,
        ],
        [
          1062,
          667,
        ],
      ],
      labelBBox: {
        x: 1125,
        y: 501,
        width: 150,
        height: 39,
      },
      parent: null,
      relations: [
        '1ek1vit',
      ],
      color: 'gray',
      line: 'dashed',
      head: 'normal',
      technology: 'FHIR R4 UK Core',
      navigateTo: 'apiManagementTestRequestAPIDynamicView',
      isLabelCustomized: false,
      controlPoints: [
        {
          x: 1125,
          y: 501,
        },
        {
          x: 1127,
          y: 562,
        },
      ],
      tags: null,
    },
    {
      id: '1abmd6b',
      source: 'nhsOnline',
      target: 'ndsDoS.ndsDoSFHIRAPI',
      label: 'Request test catalogue',
      points: [
        [
          1218,
          420,
        ],
        [
          1013,
          435,
        ],
        [
          650,
          478,
        ],
        [
          373,
          614,
        ],
        [
          344,
          628,
        ],
        [
          317,
          648,
        ],
        [
          292,
          669,
        ],
      ],
      labelBBox: {
        x: 719,
        y: 292,
        width: 147,
        height: 39,
      },
      parent: null,
      relations: [
        '1wbt2uk',
      ],
      color: 'gray',
      line: 'dashed',
      head: 'normal',
      technology: 'FHIR R4 UK Core',
      isLabelCustomized: false,
      controlPoints: [
        {
          x: 719,
          y: 292,
        },
        {
          x: 616,
          y: 293,
        },
      ],
      navigateTo: null,
      tags: null,
    },
    {
      id: '1tqt49z',
      source: 'nhsoClincian',
      target: 'nhsOnline',
      label: 'Uses',
      points: [
        [
          1496,
          180,
        ],
        [
          1475,
          221,
        ],
        [
          1450,
          271,
        ],
        [
          1428,
          314,
        ],
      ],
      labelBBox: {
        x: 1121,
        y: 97,
        width: 36,
        height: 18,
      },
      parent: null,
      relations: [
        '1bphd7f',
      ],
      color: 'gray',
      line: 'dashed',
      head: 'normal',
      isLabelCustomized: false,
      controlPoints: [
        {
          x: 1121,
          y: 102,
        },
      ],
      navigateTo: null,
      tags: null,
    },
    {
      id: 'tn66ye',
      source: 'nhsoClincian',
      target: 'cis2',
      label: 'Authenticate clinican',
      points: [
        [
          1570,
          180,
        ],
        [
          1615,
          330,
        ],
        [
          1686,
          642,
        ],
        [
          1603,
          887,
        ],
        [
          1590,
          924,
        ],
        [
          1568,
          960,
        ],
        [
          1544,
          990,
        ],
      ],
      labelBBox: {
        x: 1401,
        y: -2,
        width: 132,
        height: 18,
      },
      parent: null,
      relations: [
        '9qn5f7',
      ],
      color: 'gray',
      line: 'dashed',
      head: 'normal',
      isLabelCustomized: false,
      controlPoints: [
        {
          x: 1353,
          y: -17,
        },
        {
          x: 1694,
          y: 150,
        },
      ],
      navigateTo: null,
      tags: null,
    },
    {
      id: '9ysjp8',
      source: 'nds.testRequestFHIRAPI',
      target: 'cis2',
      label: 'Validate authentication',
      points: [
        [
          1068,
          855,
        ],
        [
          1095,
          884,
        ],
        [
          1127,
          914,
        ],
        [
          1159,
          938,
        ],
        [
          1182,
          955,
        ],
        [
          1230,
          981,
        ],
        [
          1281,
          1006,
        ],
      ],
      labelBBox: {
        x: 1395,
        y: 599,
        width: 146,
        height: 18,
      },
      parent: null,
      relations: [
        'bsgrze',
      ],
      color: 'gray',
      line: 'dashed',
      head: 'normal',
      isLabelCustomized: false,
      controlPoints: [
        {
          x: 1314,
          y: 653,
        },
        {
          x: 1471,
          y: 548,
        },
      ],
      navigateTo: null,
      tags: null,
    },
    {
      id: '1d2kdgt',
      source: 'nds.testRequestOrchestrator',
      target: 'pdm',
      label: 'Read/Write test requests',
      points: [
        [
          1180,
          1172,
        ],
        [
          1269,
          1225,
        ],
        [
          1356,
          1304,
        ],
        [
          1356,
          1410,
        ],
        [
          1356,
          1410,
        ],
        [
          1356,
          1410,
        ],
        [
          1356,
          2380,
        ],
        [
          1356,
          2479,
        ],
        [
          1279,
          2557,
        ],
        [
          1200,
          2612,
        ],
      ],
      labelBBox: {
        x: 1063,
        y: 1465,
        width: 158,
        height: 18,
      },
      parent: null,
      relations: [
        'fhdt1u',
      ],
      color: 'gray',
      line: 'dashed',
      head: 'normal',
      isLabelCustomized: false,
      controlPoints: [
        {
          x: 1082,
          y: 1423,
        },
        {
          x: 1002,
          y: 1562,
        },
      ],
      navigateTo: null,
      tags: null,
    },
    {
      id: '180smrb',
      source: 'nds.taskmanagement',
      target: 'taskingSolution',
      label: 'Manage diagnostic test tasks',
      points: [
        [
          488,
          1501,
        ],
        [
          447,
          1540,
        ],
        [
          406,
          1589,
        ],
        [
          385,
          1644,
        ],
        [
          356,
          1718,
        ],
        [
          352,
          1751,
        ],
        [
          385,
          1824,
        ],
        [
          482,
          2036,
        ],
        [
          705,
          2197,
        ],
        [
          861,
          2290,
        ],
      ],
      labelBBox: {
        x: 181,
        y: 1365,
        width: 185,
        height: 18,
      },
      parent: null,
      relations: [
        '1qff7tz',
      ],
      color: 'gray',
      line: 'dashed',
      head: 'normal',
      isLabelCustomized: false,
      controlPoints: [
        {
          x: 181,
          y: 1365,
        },
        {
          x: 94,
          y: 1366,
        },
      ],
      navigateTo: null,
      tags: null,
    },
    {
      id: 'hr451i',
      source: 'nds.patientNotifications',
      target: 'nhsNotify',
      label: 'Notify patient',
      points: [
        [
          1030,
          1501,
        ],
        [
          1030,
          1542,
        ],
        [
          1030,
          1591,
        ],
        [
          1030,
          1633,
        ],
      ],
      labelBBox: {
        x: 235,
        y: 1102,
        width: 86,
        height: 18,
      },
      parent: null,
      relations: [
        '6fo17c',
      ],
      color: 'gray',
      line: 'dashed',
      head: 'normal',
      isLabelCustomized: false,
      controlPoints: [
        {
          x: 235,
          y: 1102,
        },
        {
          x: 206,
          y: 1102,
        },
      ],
      navigateTo: null,
      tags: null,
    },
    {
      id: 'wyxwjt',
      source: 'nds.testRequestFHIRAPI',
      target: 'nds.testRequestOrchestrator',
      label: 'uses',
      points: [
        [
          990,
          855,
        ],
        [
          989,
          882,
        ],
        [
          989,
          911,
        ],
        [
          989,
          938,
        ],
        [
          990,
          954,
        ],
        [
          990,
          971,
        ],
        [
          990,
          988,
        ],
      ],
      labelBBox: {
        x: 1131,
        y: 920,
        width: 34,
        height: 18,
      },
      parent: 'nds',
      relations: [
        'huuawn',
      ],
      color: 'gray',
      line: 'dashed',
      head: 'normal',
      isLabelCustomized: false,
      controlPoints: [
        {
          x: 1131,
          y: 940,
        },
        {
          x: 1132,
          y: 989,
        },
      ],
      navigateTo: null,
      tags: null,
    },
    {
      id: 'u7j8fx',
      source: 'nds.testRequestOrchestrator',
      target: 'nds.taskmanagement',
      label: 'Manage diagnostic test tasks',
      points: [
        [
          873,
          1178,
        ],
        [
          847,
          1197,
        ],
        [
          821,
          1218,
        ],
        [
          796,
          1238,
        ],
        [
          767,
          1262,
        ],
        [
          735,
          1289,
        ],
        [
          707,
          1314,
        ],
      ],
      labelBBox: {
        x: 915,
        y: 1214,
        width: 185,
        height: 18,
      },
      parent: 'nds',
      relations: [
        '12vxukn',
      ],
      color: 'gray',
      line: 'dashed',
      head: 'normal',
      isLabelCustomized: false,
      controlPoints: [
        {
          x: 923,
          y: 1208,
        },
        {
          x: 865,
          y: 1244,
        },
      ],
      navigateTo: null,
      tags: null,
    },
    {
      id: 'fonrpq',
      source: 'nds.testRequestOrchestrator',
      target: 'nds.patientNotifications',
      label: 'Notify patient',
      points: [
        [
          1003,
          1178,
        ],
        [
          1008,
          1219,
        ],
        [
          1014,
          1268,
        ],
        [
          1019,
          1311,
        ],
      ],
      labelBBox: {
        x: 841,
        y: 1087,
        width: 86,
        height: 18,
      },
      parent: 'nds',
      relations: [
        '1jh80j6',
      ],
      color: 'gray',
      line: 'dashed',
      head: 'normal',
      isLabelCustomized: false,
      controlPoints: [
        {
          x: 938,
          y: 1088,
        },
      ],
      navigateTo: null,
      tags: null,
    },
  ],
  _layout: 'manual',
}
