{
  _type: 'element',
  tags: null,
  links: null,
  _stage: 'layouted',
  sourcePath: 'src/views.c4',
  description: null,
  title: 'NHS Online Diagnostic Test Results View',
  id: 'testResultsView',
  autoLayout: {
    direction: 'TB',
  },
  hash: 'ulgGAyxTFU3aPAuSXHBsnPYNQqJymb8_vmnrMPnTNfI',
  bounds: {
    x: -37,
    y: -20,
    width: 2450,
    height: 2082,
  },
  nodes: [
    {
      id: 'nhsoClincian',
      parent: null,
      level: 0,
      children: [],
      inEdges: [],
      outEdges: [
        '1tqt49z',
        'tn66ye',
      ],
      title: 'NHS Online Clinican',
      modelRef: 'nhsoClincian',
      shape: 'person',
      color: 'green',
      style: {
        opacity: 15,
        size: 'md',
      },
      tags: [
        'testRequestTag',
      ],
      kind: 'clinican',
      x: 686,
      y: 0,
      width: 320,
      height: 180,
      labelBBox: {
        x: 67,
        y: 76,
        width: 186,
        height: 24,
      },
      navigateTo: null,
      links: null,
    },
    {
      id: 'diagnosticCentreType1',
      parent: null,
      level: 0,
      children: [
        'diagnosticCentreType1.lims',
        'diagnosticCentreType1.ris',
        'diagnosticCentreType1.pacs',
      ],
      inEdges: [
        '1q8lxo5',
      ],
      outEdges: [
        'c7q3ca',
        '17cm40c',
        '6zjb21',
      ],
      title: 'Diagnostic Centre - Type 1',
      modelRef: 'diagnosticCentreType1',
      shape: 'rectangle',
      color: 'blue',
      style: {
        border: 'dashed',
        opacity: 50,
        size: 'md',
        multiple: true,
      },
      tags: [],
      kind: 'careSetting',
      depth: 1,
      x: 1407,
      y: 710,
      width: 986,
      height: 570,
      labelBBox: {
        x: 6,
        y: 0,
        width: 169,
        height: 15,
      },
      navigateTo: null,
      links: null,
    },
    {
      id: 'nhsOnline',
      parent: null,
      level: 0,
      children: [],
      inEdges: [
        '1tqt49z',
      ],
      outEdges: [
        '1blihvf',
        '5qwr7k',
        '4y9ag6',
      ],
      title: 'NHS Online',
      modelRef: 'nhsOnline',
      shape: 'rectangle',
      color: 'gray',
      style: {
        opacity: 15,
        size: 'md',
      },
      tags: [],
      kind: 'externalSystem',
      x: 686,
      y: 323,
      width: 320,
      height: 180,
      labelBBox: {
        x: 105,
        y: 76,
        width: 110,
        height: 24,
      },
      navigateTo: null,
      links: null,
    },
    {
      id: 'diagnosticCentreType1.lims',
      parent: 'diagnosticCentreType1',
      level: 1,
      children: [],
      inEdges: [],
      outEdges: [
        'c7q3ca',
        '17cm40c',
      ],
      title: 'Laboratory Information Management System (LIMS)',
      modelRef: 'diagnosticCentreType1.lims',
      shape: 'rectangle',
      color: 'primary',
      style: {
        opacity: 15,
        size: 'md',
      },
      tags: [],
      kind: 'softwareSystem',
      x: 1449,
      y: 796,
      width: 427,
      height: 180,
      labelBBox: {
        x: 14,
        y: 64,
        width: 400,
        height: 48,
      },
      navigateTo: null,
      links: null,
    },
    {
      id: 'diagnosticCentreType1.ris',
      parent: 'diagnosticCentreType1',
      level: 1,
      children: [],
      inEdges: [],
      outEdges: [
        '6zjb21',
        '1eksb8j',
      ],
      title: 'Radiology Information System (RIS)',
      modelRef: 'diagnosticCentreType1.ris',
      shape: 'rectangle',
      color: 'primary',
      style: {
        opacity: 15,
        size: 'md',
      },
      tags: [],
      kind: 'softwareSystem',
      x: 1990,
      y: 770,
      width: 351,
      height: 180,
      labelBBox: {
        x: 14,
        y: 76,
        width: 323,
        height: 24,
      },
      navigateTo: null,
      links: null,
    },
    {
      id: 'nds',
      parent: null,
      level: 0,
      children: [
        'nds.testResultsFHIRAPI',
        'nds.testResultsOrchestrator',
        'nds.eventManagement',
      ],
      inEdges: [
        '4y9ag6',
        '17cm40c',
      ],
      outEdges: [
        '1y2gw5z',
        '162eozq',
        '162eu96',
        '162etsf',
        '1u13pw2',
        'lxwl7c',
      ],
      title: 'NDS',
      modelRef: 'nds',
      shape: 'rectangle',
      color: 'primary',
      style: {
        opacity: 15,
        size: 'md',
      },
      tags: [
        'testRequestTag',
      ],
      technology: 'AWS, FHIR R4, REST API',
      kind: 'softwareSystem',
      depth: 1,
      x: 349,
      y: 595,
      width: 935,
      height: 592,
      labelBBox: {
        x: 6,
        y: 0,
        width: 27,
        height: 15,
      },
      navigateTo: null,
      links: null,
    },
    {
      id: 'nds.testResultsFHIRAPI',
      parent: 'nds',
      level: 1,
      children: [],
      inEdges: [
        '4y9ag6',
        '17cm40c',
      ],
      outEdges: [
        '1y2gw5z',
        'ifn1ux',
      ],
      title: 'Diagnostic Test Results FHIR API',
      modelRef: 'nds.testResultsFHIRAPI',
      shape: 'rectangle',
      color: 'amber',
      style: {
        opacity: 15,
        size: 'md',
      },
      tags: [
        'testResultsTag',
      ],
      technology: 'FHIR R4 UK Core',
      kind: 'api',
      x: 676,
      y: 655,
      width: 340,
      height: 180,
      labelBBox: {
        x: 18,
        y: 66,
        width: 304,
        height: 45,
      },
      navigateTo: null,
      links: null,
    },
    {
      id: 'cis2',
      parent: null,
      level: 0,
      children: [],
      inEdges: [
        '1blihvf',
        'tn66ye',
        '1y2gw5z',
      ],
      outEdges: [],
      title: 'CIS2',
      modelRef: 'cis2',
      shape: 'rectangle',
      color: 'indigo',
      icon: 'tech:oauth',
      style: {
        opacity: 15,
        size: 'md',
      },
      tags: [],
      technology: 'OAuth 2.0, OpenID Connect',
      kind: 'authenticationProvider',
      x: -17,
      y: 321,
      width: 320,
      height: 180,
      labelBBox: {
        x: 63,
        y: 66,
        width: 224,
        height: 45,
      },
      navigateTo: null,
      links: null,
    },
    {
      id: 'nds.testResultsOrchestrator',
      parent: 'nds',
      level: 1,
      children: [],
      inEdges: [
        'ifn1ux',
      ],
      outEdges: [
        '162eozq',
        '162eu96',
        '162etsf',
        'lxwl7c',
        'sf8krb',
      ],
      title: 'Diagnostic Test Results Orchestrator',
      modelRef: 'nds.testResultsOrchestrator',
      shape: 'rectangle',
      color: 'primary',
      style: {
        opacity: 15,
        size: 'md',
      },
      tags: [
        'testResultsTag',
      ],
      kind: 'component',
      x: 391,
      y: 965,
      width: 358,
      height: 180,
      labelBBox: {
        x: 14,
        y: 76,
        width: 331,
        height: 24,
      },
      navigateTo: null,
      links: null,
    },
    {
      id: 'nir',
      parent: null,
      level: 0,
      children: [],
      inEdges: [
        '162eu96',
      ],
      outEdges: [
        '1af0kdr',
        '1q8lxo5',
      ],
      title: 'National Imaging Repository (NIR)',
      modelRef: 'nir',
      shape: 'rectangle',
      color: 'gray',
      style: {
        opacity: 15,
        size: 'md',
      },
      tags: [],
      kind: 'externalSystem',
      x: 1093,
      y: 1862,
      width: 336,
      height: 180,
      labelBBox: {
        x: 14,
        y: 76,
        width: 309,
        height: 24,
      },
      navigateTo: null,
      links: null,
    },
    {
      id: 'pathologyAPI',
      parent: null,
      level: 0,
      children: [],
      inEdges: [
        'lxwl7c',
      ],
      outEdges: [
        '1u30yyc',
      ],
      title: 'Pathology API',
      modelRef: 'pathologyAPI',
      shape: 'rectangle',
      color: 'primary',
      style: {
        opacity: 15,
        size: 'md',
      },
      tags: [
        'testResultsTag',
      ],
      technology: 'FHIR R4, REST API',
      kind: 'softwareSystem',
      x: 321,
      y: 1373,
      width: 320,
      height: 180,
      labelBBox: {
        x: 95,
        y: 66,
        width: 131,
        height: 45,
      },
      navigateTo: null,
      links: null,
    },
    {
      id: 'nds.eventManagement',
      parent: 'nds',
      level: 1,
      children: [],
      inEdges: [
        'sf8krb',
      ],
      outEdges: [
        '1u13pw2',
      ],
      title: 'Event Management',
      modelRef: 'nds.eventManagement',
      shape: 'rectangle',
      color: 'primary',
      style: {
        opacity: 15,
        size: 'md',
      },
      tags: [
        'testResultsTag',
        'appointmentManagementTag',
      ],
      kind: 'component',
      x: 922,
      y: 964,
      width: 320,
      height: 180,
      labelBBox: {
        x: 71,
        y: 76,
        width: 177,
        height: 24,
      },
      navigateTo: null,
      links: null,
    },
    {
      id: 'nrl',
      parent: null,
      level: 0,
      children: [],
      inEdges: [
        '1af0kdr',
        '162etsf',
      ],
      outEdges: [],
      title: 'National Record Locator (NRL)',
      modelRef: 'nrl',
      shape: 'rectangle',
      color: 'gray',
      style: {
        opacity: 15,
        size: 'md',
      },
      tags: [],
      kind: 'externalSystem',
      x: 1191,
      y: 1374,
      width: 320,
      height: 180,
      labelBBox: {
        x: 21,
        y: 76,
        width: 279,
        height: 24,
      },
      navigateTo: null,
      links: null,
    },
    {
      id: 'diagnosticCentreType1.pacs',
      parent: 'diagnosticCentreType1',
      level: 1,
      children: [],
      inEdges: [
        '1q8lxo5',
        '1eksb8j',
      ],
      outEdges: [],
      title: 'Picture Archiving and Communication System (PACS)',
      modelRef: 'diagnosticCentreType1.pacs',
      shape: 'rectangle',
      color: 'primary',
      style: {
        opacity: 15,
        size: 'md',
      },
      tags: [],
      kind: 'softwareSystem',
      x: 1986,
      y: 1058,
      width: 365,
      height: 180,
      labelBBox: {
        x: 14,
        y: 64,
        width: 337,
        height: 48,
      },
      navigateTo: null,
      links: null,
    },
    {
      id: 'pdm',
      parent: null,
      level: 0,
      children: [],
      inEdges: [
        '1u30yyc',
        '162eozq',
      ],
      outEdges: [],
      title: 'Patient Data Management (PDM)',
      modelRef: 'pdm',
      shape: 'storage',
      color: 'gray',
      style: {
        opacity: 15,
        size: 'md',
      },
      tags: [],
      technology: 'AWS Healthlake, FHIR R4',
      kind: 'externalSystem',
      x: 309,
      y: 1693,
      width: 335,
      height: 180,
      labelBBox: {
        x: 18,
        y: 66,
        width: 300,
        height: 45,
      },
      navigateTo: null,
      links: null,
    },
    {
      id: 'mns',
      parent: null,
      level: 0,
      children: [],
      inEdges: [
        '5qwr7k',
        '1u13pw2',
        'c7q3ca',
        '6zjb21',
      ],
      outEdges: [],
      title: 'Message Notification Service (MNS)',
      modelRef: 'mns',
      shape: 'rectangle',
      color: 'gray',
      style: {
        opacity: 15,
        size: 'md',
      },
      tags: [],
      kind: 'externalSystem',
      x: 1640,
      y: 334,
      width: 353,
      height: 180,
      labelBBox: {
        x: 14,
        y: 76,
        width: 325,
        height: 24,
      },
      navigateTo: null,
      links: null,
    },
  ],
  edges: [
    {
      id: '1tqt49z',
      source: 'nhsoClincian',
      target: 'nhsOnline',
      label: 'Uses',
      points: [
        [
          846,
          180,
        ],
        [
          846,
          221,
        ],
        [
          846,
          270,
        ],
        [
          846,
          313,
        ],
      ],
      labelBBox: {
        x: 847,
        y: 241,
        width: 36,
        height: 18,
      },
      parent: null,
      relations: [
        '1bphd7f',
      ],
      color: 'gray',
      line: 'dashed',
      head: 'normal',
      isLabelCustomized: false,
      controlPoints: null,
      navigateTo: null,
      tags: null,
    },
    {
      id: '1blihvf',
      source: 'nhsOnline',
      target: 'cis2',
      label: 'Validate authentication',
      points: [
        [
          723,
          503,
        ],
        [
          684,
          532,
        ],
        [
          640,
          564,
        ],
        [
          600,
          594,
        ],
        [
          577,
          611,
        ],
        [
          552,
          630,
        ],
        [
          528,
          649,
        ],
      ],
      labelBBox: {
        x: 516,
        y: 409,
        width: 146,
        height: 18,
      },
      parent: null,
      relations: [
        '1ofl6rj',
      ],
      color: 'gray',
      line: 'dashed',
      head: 'normal',
      isLabelCustomized: false,
      controlPoints: [
        {
          x: 567,
          y: 408,
        },
        {
          x: 395,
          y: 406,
        },
      ],
      navigateTo: null,
      tags: null,
    },
    {
      id: 'tn66ye',
      source: 'nhsoClincian',
      target: 'cis2',
      label: 'Authenticate clinican',
      points: [
        [
          686,
          162,
        ],
        [
          618,
          201,
        ],
        [
          543,
          254,
        ],
        [
          497,
          323,
        ],
        [
          431,
          419,
        ],
        [
          412,
          554,
        ],
        [
          407,
          645,
        ],
      ],
      labelBBox: {
        x: 330,
        y: 227,
        width: 132,
        height: 18,
      },
      parent: null,
      relations: [
        '9qn5f7',
      ],
      color: 'gray',
      line: 'dashed',
      head: 'normal',
      isLabelCustomized: false,
      controlPoints: [
        {
          x: 476,
          y: 140,
        },
        {
          x: 225,
          y: 265,
        },
      ],
      navigateTo: null,
      tags: null,
    },
    {
      id: '5qwr7k',
      source: 'nhsOnline',
      target: 'mns',
      label: 'Create/Consume events',
      points: [
        [
          1006,
          418,
        ],
        [
          1555,
          435,
        ],
        [
          3332,
          508,
        ],
        [
          3332,
          744,
        ],
        [
          3332,
          744,
        ],
        [
          3332,
          744,
        ],
        [
          3332,
          1417,
        ],
        [
          3332,
          1490,
        ],
        [
          3294,
          1508,
        ],
        [
          3233,
          1546,
        ],
        [
          3112,
          1622,
        ],
        [
          2727,
          1684,
        ],
        [
          2493,
          1715,
        ],
      ],
      labelBBox: {
        x: 1275,
        y: 416,
        width: 155,
        height: 18,
      },
      parent: null,
      relations: [
        '1sstybd',
      ],
      color: 'gray',
      line: 'dashed',
      head: 'normal',
      isLabelCustomized: false,
      controlPoints: [
        {
          x: 1275,
          y: 416,
        },
        {
          x: 1353,
          y: 417,
        },
      ],
      navigateTo: null,
      tags: null,
    },
    {
      id: '1af0kdr',
      parent: null,
      source: 'nir',
      target: 'nrl',
      label: 'Manage test result pointers',
      relations: [
        'ehe0ie',
      ],
      color: 'gray',
      line: 'dashed',
      head: 'normal',
      points: [
        [
          1491,
          1157,
        ],
        [
          1466,
          1206,
        ],
        [
          1435,
          1267,
        ],
        [
          1409,
          1317,
        ],
      ],
      labelBBox: {
        x: 1295,
        y: 1724,
        width: 173,
        height: 18,
      },
      isLabelCustomized: false,
      controlPoints: [
        {
          x: 1284,
          y: 1783,
        },
      ],
      navigateTo: null,
      tags: null,
    },
    {
      id: '4y9ag6',
      source: 'nhsOnline',
      target: 'nds.testResultsFHIRAPI',
      label: 'Retrieve test results',
      points: [
        [
          846,
          503,
        ],
        [
          846,
          547,
        ],
        [
          846,
          600,
        ],
        [
          846,
          645,
        ],
      ],
      labelBBox: {
        x: 847,
        y: 564,
        width: 128,
        height: 18,
      },
      parent: null,
      relations: [
        'tg5ss',
      ],
      color: 'gray',
      line: 'dashed',
      head: 'normal',
      isLabelCustomized: false,
      controlPoints: null,
      navigateTo: null,
      tags: null,
    },
    {
      id: '1u30yyc',
      parent: null,
      source: 'pathologyAPI',
      target: 'pdm',
      label: 'Read/Write pathology results',
      relations: [
        'b9zyzn',
      ],
      color: 'gray',
      line: 'dashed',
      head: 'normal',
      points: [
        [
          416,
          1506,
        ],
        [
          416,
          1547,
        ],
        [
          416,
          1596,
        ],
        [
          416,
          1638,
        ],
      ],
      labelBBox: {
        x: 478,
        y: 1610,
        width: 184,
        height: 18,
      },
      isLabelCustomized: false,
      controlPoints: [
        {
          x: 478,
          y: 1614,
        },
      ],
      navigateTo: null,
      tags: null,
    },
    {
      id: '1y2gw5z',
      parent: null,
      source: 'nds.testResultsFHIRAPI',
      target: 'cis2',
      label: 'Validate authentication',
      relations: [
        '1hbrur3',
      ],
      color: 'gray',
      line: 'dashed',
      head: 'normal',
      points: [
        [
          591,
          561,
        ],
        [
          526,
          514,
        ],
      ],
      labelBBox: {
        x: 533,
        y: 596,
        width: 146,
        height: 18,
      },
      controlPoints: [
        {
          x: 533,
          y: 596,
        },
        {
          x: 453,
          y: 557,
        },
      ],
      isLabelCustomized: false,
      navigateTo: null,
      tags: null,
    },
    {
      id: '162eozq',
      parent: null,
      source: 'nds.testResultsOrchestrator',
      target: 'pdm',
      label: 'Read/Write test results',
      relations: [
        '1rgtzi7',
      ],
      color: 'gray',
      line: 'dashed',
      head: 'normal',
      points: [
        [
          667,
          1088,
        ],
        [
          457,
          1114,
        ],
        [
          128,
          1170,
        ],
        [
          53,
          1265,
        ],
        [
          -24,
          1364,
        ],
        [
          -11,
          1439,
        ],
        [
          53,
          1546,
        ],
        [
          94,
          1614,
        ],
        [
          168,
          1659,
        ],
        [
          238,
          1688,
        ],
      ],
      labelBBox: {
        x: 88,
        y: 1439,
        width: 146,
        height: 18,
      },
      isLabelCustomized: false,
      controlPoints: [
        {
          x: 192,
          y: 1158,
        },
        {
          x: 47,
          y: 1436,
        },
        {
          x: 225,
          y: 1675,
        },
      ],
      navigateTo: null,
      tags: null,
    },
    {
      id: '162eu96',
      parent: null,
      source: 'nds.testResultsOrchestrator',
      target: 'nir',
      label: 'Retieve diagnostic test result images',
      relations: [
        'hoyrnb',
      ],
      color: 'gray',
      line: 'dashed',
      head: 'normal',
      points: [
        [
          1025,
          1068,
        ],
        [
          1128,
          1068,
        ],
        [
          1256,
          1068,
        ],
        [
          1359,
          1068,
        ],
      ],
      labelBBox: {
        x: 796,
        y: 1321,
        width: 232,
        height: 18,
      },
      isLabelCustomized: false,
      controlPoints: [
        {
          x: 910,
          y: 1498,
        },
      ],
      navigateTo: null,
      tags: null,
    },
    {
      id: '162etsf',
      parent: null,
      source: 'nds.testResultsOrchestrator',
      target: 'nrl',
      label: 'Retrieve diagnostic test result \nreport/image pointers',
      relations: [
        '1m125qt',
      ],
      color: 'gray',
      line: 'dashed',
      head: 'normal',
      points: [
        [
          977,
          1157,
        ],
        [
          1051,
          1207,
        ],
        [
          1143,
          1270,
        ],
        [
          1218,
          1321,
        ],
      ],
      labelBBox: {
        x: 967,
        y: 1231,
        width: 188,
        height: 35,
      },
      controlPoints: [
        {
          x: 996,
          y: 1279,
        },
      ],
      isLabelCustomized: false,
      navigateTo: null,
      tags: null,
    },
    {
      id: '1u13pw2',
      parent: null,
      source: 'nds.eventManagement',
      target: 'mns',
      label: 'Create/Consume events',
      relations: [
        '1fvz6ne',
      ],
      color: 'gray',
      line: 'dashed',
      head: 'normal',
      points: [
        [
          1006,
          1495,
        ],
        [
          1050,
          1514,
        ],
        [
          1097,
          1533,
        ],
        [
          1143,
          1546,
        ],
        [
          1480,
          1646,
        ],
        [
          1887,
          1698,
        ],
        [
          2119,
          1722,
        ],
      ],
      labelBBox: {
        x: 1310,
        y: 673,
        width: 155,
        height: 18,
      },
      isLabelCustomized: false,
      controlPoints: [
        {
          x: 1175,
          y: 988,
        },
        {
          x: 1427,
          y: 529,
        },
      ],
      navigateTo: null,
      tags: null,
    },
    {
      id: 'lxwl7c',
      parent: null,
      source: 'nds.testResultsOrchestrator',
      target: 'pathologyAPI',
      label: 'Write pathology test results',
      relations: [
        'xndpxg',
      ],
      color: 'gray',
      line: 'dashed',
      head: 'normal',
      points: [
        [
          722,
          1158,
        ],
        [
          696,
          1177,
        ],
        [
          669,
          1198,
        ],
        [
          644,
          1218,
        ],
        [
          604,
          1250,
        ],
        [
          560,
          1287,
        ],
        [
          523,
          1320,
        ],
      ],
      labelBBox: {
        x: 525,
        y: 1239,
        width: 173,
        height: 18,
      },
      isLabelCustomized: false,
      controlPoints: [
        {
          x: 530,
          y: 1194,
        },
        {
          x: 509,
          y: 1288,
        },
      ],
      navigateTo: null,
      tags: null,
    },
    {
      id: 'ifn1ux',
      parent: 'nds',
      source: 'nds.testResultsFHIRAPI',
      target: 'nds.testResultsOrchestrator',
      label: 'uses',
      relations: [
        '158e6b6',
      ],
      color: 'gray',
      line: 'dashed',
      head: 'normal',
      points: [
        [
          846,
          835,
        ],
        [
          846,
          876,
        ],
        [
          846,
          925,
        ],
        [
          846,
          967,
        ],
      ],
      labelBBox: {
        x: 717,
        y: 889,
        width: 34,
        height: 18,
      },
      isLabelCustomized: false,
      controlPoints: [
        {
          x: 712,
          y: 892,
        },
      ],
      navigateTo: null,
      tags: null,
    },
    {
      id: 'sf8krb',
      parent: 'nds',
      source: 'nds.testResultsOrchestrator',
      target: 'nds.eventManagement',
      label: 'Manage events',
      relations: [
        '7nc9u7',
      ],
      color: 'gray',
      line: 'dashed',
      head: 'normal',
      points: [
        [
          846,
          1157,
        ],
        [
          846,
          1206,
        ],
        [
          846,
          1266,
        ],
        [
          846,
          1316,
        ],
      ],
      labelBBox: {
        x: 803,
        y: 1050,
        width: 100,
        height: 18,
      },
      isLabelCustomized: false,
      controlPoints: [
        {
          x: 814,
          y: 1052,
        },
      ],
      navigateTo: null,
      tags: null,
    },
    {
      id: 'c7q3ca',
      parent: null,
      source: 'diagnosticCentreType1.lims',
      target: 'mns',
      label: 'Create/Consume events',
      relations: [
        '1knk4wg',
      ],
      color: 'gray',
      line: 'dashed',
      head: 'normal',
      points: [
        [
          1971,
          1506,
        ],
        [
          2032,
          1549,
        ],
        [
          2106,
          1600,
        ],
        [
          2169,
          1644,
        ],
      ],
      labelBBox: {
        x: 1732,
        y: 664,
        width: 155,
        height: 18,
      },
      isLabelCustomized: false,
      controlPoints: [
        {
          x: 1745,
          y: 630,
        },
      ],
      navigateTo: null,
      tags: null,
    },
    {
      id: '17cm40c',
      parent: null,
      source: 'diagnosticCentreType1.lims',
      target: 'nds.testResultsFHIRAPI',
      label: 'Write test results',
      relations: [
        'afcs7z',
      ],
      color: 'gray',
      line: 'dashed',
      head: 'normal',
      points: [
        [
          1851,
          1327,
        ],
        [
          1856,
          1228,
        ],
        [
          1848,
          1071,
        ],
        [
          1760,
          978,
        ],
        [
          1661,
          872,
        ],
        [
          1263,
          802,
        ],
        [
          1026,
          768,
        ],
      ],
      labelBBox: {
        x: 1276,
        y: 819,
        width: 108,
        height: 18,
      },
      isLabelCustomized: false,
      controlPoints: [
        {
          x: 1276,
          y: 819,
        },
        {
          x: 1189,
          y: 804,
        },
      ],
      navigateTo: null,
      tags: null,
    },
    {
      id: '6zjb21',
      parent: null,
      source: 'diagnosticCentreType1.ris',
      target: 'mns',
      label: 'Create/Consume events',
      relations: [
        'r49w1x',
      ],
      color: 'gray',
      line: 'dashed',
      head: 'normal',
      points: [
        [
          2815,
          1500,
        ],
        [
          2716,
          1546,
        ],
        [
          2593,
          1604,
        ],
        [
          2492,
          1651,
        ],
      ],
      labelBBox: {
        x: 1993,
        y: 650,
        width: 155,
        height: 18,
      },
      isLabelCustomized: false,
      controlPoints: [
        {
          x: 1984,
          y: 636,
        },
      ],
      navigateTo: null,
      tags: null,
    },
    {
      id: '1q8lxo5',
      parent: null,
      source: 'nir',
      target: 'diagnosticCentreType1.pacs',
      label: 'Search/Retrieve diagnostic images and \nreports',
      relations: [
        '1y3g0x5',
      ],
      color: 'gray',
      line: 'dashed',
      head: 'normal',
      points: [
        [
          1705,
          1128,
        ],
        [
          1733,
          1138,
        ],
        [
          1761,
          1148,
        ],
        [
          1788,
          1158,
        ],
        [
          1914,
          1202,
        ],
        [
          1942,
          1222,
        ],
        [
          2070,
          1257,
        ],
        [
          2088,
          1262,
        ],
        [
          2094,
          1258,
        ],
        [
          2111,
          1265,
        ],
        [
          2148,
          1280,
        ],
        [
          2185,
          1300,
        ],
        [
          2219,
          1321,
        ],
      ],
      labelBBox: {
        x: 1908,
        y: 1368,
        width: 248,
        height: 35,
      },
      controlPoints: [
        {
          x: 1439,
          y: 1785,
        },
        {
          x: 1662,
          y: 1583,
        },
        {
          x: 1894,
          y: 1380,
        },
        {
          x: 1986,
          y: 1300,
        },
      ],
      isLabelCustomized: false,
      navigateTo: null,
      tags: null,
    },
    {
      id: '1eksb8j',
      parent: 'diagnosticCentreType1',
      source: 'diagnosticCentreType1.ris',
      target: 'diagnosticCentreType1.pacs',
      label: 'Manage diagnostic images',
      relations: [
        '1bl499a',
      ],
      color: 'gray',
      line: 'dashed',
      head: 'normal',
      points: [
        [
          2760,
          1149,
        ],
        [
          2675,
          1149,
        ],
        [
          2574,
          1149,
        ],
        [
          2487,
          1149,
        ],
      ],
      labelBBox: {
        x: 2165,
        y: 1018,
        width: 171,
        height: 18,
      },
      isLabelCustomized: false,
      controlPoints: [
        {
          x: 2165,
          y: 996,
        },
      ],
      navigateTo: null,
      tags: null,
    },
  ],
  _layout: 'manual',
}
