{
  _type: 'element',
  tags: null,
  links: null,
  _stage: 'layouted',
  sourcePath: 'views.c4',
  description: null,
  title: 'Landscape View - NDS',
  id: 'index',
  autoLayout: {
    direction: 'TB',
  },
  hash: 'z3LaVdZMcGGsB3ZsU2M8EXcxwRRtx50xA-UA9w4tl2U',
  bounds: {
    x: -20,
    y: -372,
    width: 4786,
    height: 2760,
  },
  nodes: [
    {
      id: 'nhsNotify',
      parent: null,
      level: 0,
      children: [],
      inEdges: [
        '1j97vad',
      ],
      outEdges: [
        '1w6yejz',
        '1m4ljd4',
      ],
      title: 'NHS Notify',
      modelRef: 'nhsNotify',
      shape: 'rectangle',
      color: 'gray',
      style: {
        opacity: 15,
        size: 'md',
      },
      tags: [],
      kind: 'externalSystem',
      x: 1172,
      y: -21,
      width: 320,
      height: 180,
      labelBBox: {
        x: 109,
        y: 76,
        width: 103,
        height: 24,
      },
      navigateTo: null,
      links: null,
    },
    {
      id: 'patientProxy',
      parent: null,
      level: 0,
      children: [],
      inEdges: [],
      outEdges: [
        '1idksir',
        '1dvrk2p',
      ],
      title: 'Patient Proxy',
      modelRef: 'patientProxy',
      shape: 'person',
      color: 'amber',
      style: {
        opacity: 15,
        size: 'md',
      },
      tags: [],
      kind: 'citizen',
      x: 502,
      y: 323,
      width: 320,
      height: 180,
      labelBBox: {
        x: 99,
        y: 76,
        width: 123,
        height: 24,
      },
      navigateTo: null,
      links: null,
    },
    {
      id: 'requestingClinician',
      parent: null,
      level: 0,
      children: [],
      inEdges: [],
      outEdges: [
        '1s9cked',
        'bcr4ow',
        '1f6cces',
      ],
      title: 'Requesting Clinician',
      modelRef: 'requestingClinician',
      shape: 'person',
      color: 'green',
      style: {
        opacity: 15,
        size: 'md',
      },
      tags: [],
      kind: 'clinican',
      x: 2778,
      y: 0,
      width: 320,
      height: 180,
      labelBBox: {
        x: 67,
        y: 76,
        width: 186,
        height: 24,
      },
      navigateTo: null,
      links: null,
    },
    {
      id: 'patient',
      parent: null,
      level: 0,
      children: [],
      inEdges: [
        '1w6yejz',
      ],
      outEdges: [
        '14ajzbj',
        '1ws9mdp',
      ],
      title: 'Patient',
      modelRef: 'patient',
      shape: 'person',
      color: 'amber',
      style: {
        opacity: 15,
        size: 'md',
      },
      tags: [],
      kind: 'citizen',
      x: 0,
      y: 323,
      width: 320,
      height: 180,
      labelBBox: {
        x: 127,
        y: 76,
        width: 66,
        height: 24,
      },
      navigateTo: null,
      links: null,
    },
    {
      id: 'nhsOnline',
      parent: null,
      level: 0,
      children: [],
      inEdges: [
        '1s9cked',
      ],
      outEdges: [
        'mrluy7',
        '10u91br',
        '5qwqjp',
        '5qwq80',
        '5qwqh5',
      ],
      title: 'NHS Online',
      modelRef: 'nhsOnline',
      shape: 'rectangle',
      color: 'gray',
      style: {
        opacity: 15,
        size: 'md',
      },
      tags: [],
      kind: 'externalSystem',
      x: 2778,
      y: 323,
      width: 320,
      height: 180,
      labelBBox: {
        x: 106,
        y: 76,
        width: 110,
        height: 24,
      },
      navigateTo: null,
      links: null,
    },
    {
      id: 'nhsApp',
      parent: null,
      level: 0,
      children: [],
      inEdges: [
        '1ws9mdp',
        '1dvrk2p',
        '1m4ljd4',
      ],
      outEdges: [
        '35qhtc',
        'n32esn',
      ],
      title: 'NHS App',
      modelRef: 'nhsApp',
      shape: 'mobile',
      color: 'gray',
      style: {
        opacity: 15,
        size: 'md',
      },
      tags: [],
      kind: 'externalSystem',
      x: 293,
      y: 696,
      width: 320,
      height: 180,
      labelBBox: {
        x: 117,
        y: 76,
        width: 87,
        height: 24,
      },
      navigateTo: null,
      links: null,
    },
    {
      id: 'orderCommsOrdering',
      parent: null,
      level: 0,
      children: [],
      inEdges: [
        'bcr4ow',
        'mrluy7',
      ],
      outEdges: [
        '4eqnvw',
        'keu5r4',
      ],
      title: 'Order Comms - Test Ordering',
      modelRef: 'orderCommsOrdering',
      shape: 'rectangle',
      color: 'gray',
      style: {
        opacity: 15,
        size: 'md',
      },
      tags: [],
      kind: 'externalSystem',
      x: 2742,
      y: 784,
      width: 320,
      height: 180,
      labelBBox: {
        x: 26,
        y: 76,
        width: 270,
        height: 24,
      },
      navigateTo: null,
      links: null,
    },
    {
      id: 'nhsOnlineImageViewer',
      parent: null,
      level: 0,
      children: [],
      inEdges: [
        '10u91br',
      ],
      outEdges: [
        'a7n5zs',
      ],
      title: 'NHS Online Image Viewer',
      modelRef: 'nhsOnlineImageViewer',
      shape: 'rectangle',
      color: 'gray',
      style: {
        opacity: 15,
        size: 'md',
      },
      tags: [],
      kind: 'externalSystem',
      x: 3392,
      y: -114,
      width: 320,
      height: 180,
      labelBBox: {
        x: 42,
        y: 76,
        width: 237,
        height: 24,
      },
      navigateTo: null,
      links: null,
    },
    {
      id: 'nrl',
      parent: null,
      level: 0,
      children: [],
      inEdges: [
        '5qwq80',
      ],
      outEdges: [],
      title: 'National Record Locator (NRL)',
      modelRef: 'nrl',
      shape: 'rectangle',
      color: 'gray',
      style: {
        opacity: 15,
        size: 'md',
      },
      tags: [],
      kind: 'externalSystem',
      x: 4074,
      y: 321,
      width: 320,
      height: 180,
      labelBBox: {
        x: 21,
        y: 76,
        width: 279,
        height: 24,
      },
      navigateTo: null,
      links: null,
    },
    {
      id: 'nds',
      parent: null,
      level: 0,
      children: [],
      inEdges: [
        'n32esn',
        '5qwqh5',
        '4eqnvw',
      ],
      outEdges: [
        '1wczmrp',
        '18k7st0',
        'ko0lco',
        '18k7ssq',
        '1j97vad',
        '1vzjuvx',
        '1dxb194',
        '18k8gqr',
        'chpkp2',
        '6c0b8n',
      ],
      title: 'NDS',
      modelRef: 'nds',
      shape: 'rectangle',
      color: 'primary',
      style: {
        opacity: 15,
        size: 'md',
      },
      tags: [],
      technology: 'AWS, FHIR R4, REST API',
      kind: 'softwareSystem',
      x: 1935,
      y: 989,
      width: 320,
      height: 180,
      labelBBox: {
        x: 81,
        y: 66,
        width: 158,
        height: 45,
      },
      navigateTo: null,
      links: null,
    },
    {
      id: 'nir',
      parent: null,
      level: 0,
      children: [],
      inEdges: [
        '5qwqjp',
        'a7n5zs',
      ],
      outEdges: [
        '1b6veok',
      ],
      title: 'National Imaging Repository (NIR)',
      modelRef: 'nir',
      shape: 'rectangle',
      color: 'gray',
      style: {
        opacity: 15,
        size: 'md',
      },
      tags: [],
      kind: 'externalSystem',
      x: 4059,
      y: 0,
      width: 336,
      height: 180,
      labelBBox: {
        x: 14,
        y: 76,
        width: 309,
        height: 24,
      },
      navigateTo: null,
      links: null,
    },
    {
      id: 'nhsLogin',
      parent: null,
      level: 0,
      children: [],
      inEdges: [
        '14ajzbj',
        '1idksir',
        '1wczmrp',
      ],
      outEdges: [],
      title: 'NHS login',
      modelRef: 'nhsLogin',
      shape: 'rectangle',
      color: 'indigo',
      icon: 'tech:oauth',
      style: {
        opacity: 15,
        size: 'md',
      },
      tags: [],
      technology: 'OAuth 2.0, OpenID Connect',
      kind: 'authenticationProvider',
      x: 272,
      y: -74,
      width: 320,
      height: 180,
      labelBBox: {
        x: 63,
        y: 66,
        width: 225,
        height: 45,
      },
      navigateTo: null,
      links: null,
    },
    {
      id: 'pds',
      parent: null,
      level: 0,
      children: [],
      inEdges: [
        '18k7st0',
      ],
      outEdges: [],
      title: 'Personal Demographics Service (PDS)',
      modelRef: 'pds',
      shape: 'rectangle',
      color: 'gray',
      style: {
        opacity: 15,
        size: 'md',
      },
      tags: [],
      kind: 'externalSystem',
      x: 2102,
      y: -128,
      width: 377,
      height: 180,
      labelBBox: {
        x: 14,
        y: 76,
        width: 350,
        height: 24,
      },
      navigateTo: null,
      links: null,
    },
    {
      id: 'uecDOS',
      parent: null,
      level: 0,
      children: [],
      inEdges: [
        'ko0lco',
      ],
      outEdges: [],
      title: 'UEC Directory of Services (DOS)',
      modelRef: 'uecDOS',
      shape: 'rectangle',
      color: 'gray',
      style: {
        opacity: 15,
        size: 'md',
      },
      tags: [],
      kind: 'externalSystem',
      x: 1661,
      y: 176,
      width: 326,
      height: 180,
      labelBBox: {
        x: 14,
        y: 76,
        width: 298,
        height: 24,
      },
      navigateTo: null,
      links: null,
    },
    {
      id: 'BaRSProxy',
      parent: null,
      level: 0,
      children: [],
      inEdges: [
        '35qhtc',
        '1vzjuvx',
      ],
      outEdges: [
        '16vmm3b',
      ],
      title: 'BaRS Proxy',
      modelRef: 'BaRSProxy',
      shape: 'rectangle',
      color: 'gray',
      style: {
        opacity: 15,
        size: 'md',
      },
      tags: [],
      kind: 'externalSystem',
      x: 291,
      y: 1143,
      width: 320,
      height: 180,
      labelBBox: {
        x: 104,
        y: 76,
        width: 113,
        height: 24,
      },
      navigateTo: null,
      links: null,
    },
    {
      id: 'cis2',
      parent: null,
      level: 0,
      children: [],
      inEdges: [
        '1f6cces',
        '1dxb194',
      ],
      outEdges: [],
      title: 'CIS2',
      modelRef: 'cis2',
      shape: 'rectangle',
      color: 'indigo',
      icon: 'tech:oauth',
      style: {
        opacity: 15,
        size: 'md',
      },
      tags: [],
      technology: 'OAuth 2.0, OpenID Connect',
      kind: 'authenticationProvider',
      x: 2777,
      y: -352,
      width: 320,
      height: 180,
      labelBBox: {
        x: 63,
        y: 66,
        width: 225,
        height: 45,
      },
      navigateTo: null,
      links: null,
    },
    {
      id: 'mns',
      parent: null,
      level: 0,
      children: [],
      inEdges: [
        '18k8gqr',
      ],
      outEdges: [],
      title: 'Message Notification Service (MNS)',
      modelRef: 'mns',
      shape: 'rectangle',
      color: 'gray',
      style: {
        opacity: 15,
        size: 'md',
      },
      tags: [],
      kind: 'externalSystem',
      x: 3782,
      y: 1045,
      width: 353,
      height: 180,
      labelBBox: {
        x: 15,
        y: 76,
        width: 325,
        height: 24,
      },
      navigateTo: null,
      links: null,
    },
    {
      id: 'testCatalogue',
      parent: null,
      level: 0,
      children: [],
      inEdges: [
        'keu5r4',
        'chpkp2',
      ],
      outEdges: [],
      title: 'Test Catalogue',
      modelRef: 'testCatalogue',
      shape: 'rectangle',
      color: 'primary',
      style: {
        opacity: 15,
        size: 'md',
      },
      tags: [],
      kind: 'softwareSystem',
      x: 2445,
      y: 1449,
      width: 320,
      height: 180,
      labelBBox: {
        x: 91,
        y: 76,
        width: 140,
        height: 24,
      },
      navigateTo: null,
      links: null,
    },
    {
      id: 'cdc',
      parent: null,
      level: 0,
      children: [
        'cdc.cdcAppointmentMangement',
        'cdc.orderCommsLab',
        'cdc.lims',
        'cdc.ris',
        'cdc.pacs',
      ],
      inEdges: [
        '16vmm3b',
        '1b6veok',
        '6c0b8n',
      ],
      outEdges: [
        '15mcw9z',
      ],
      title: 'Community Diagnostic Centre (CDC)',
      modelRef: 'cdc',
      shape: 'rectangle',
      color: 'blue',
      style: {
        border: 'dashed',
        opacity: 50,
        size: 'md',
        multiple: true,
      },
      tags: [],
      kind: 'careSetting',
      depth: 1,
      x: 268,
      y: 1733,
      width: 2773,
      height: 635,
      labelBBox: {
        x: 6,
        y: 0,
        width: 226,
        height: 15,
      },
      navigateTo: null,
      links: null,
    },
    {
      id: 'cdc.cdcAppointmentMangement',
      parent: 'cdc',
      level: 1,
      children: [],
      inEdges: [
        '16vmm3b',
      ],
      outEdges: [],
      title: 'CDC Appointment Management',
      modelRef: 'cdc.cdcAppointmentMangement',
      shape: 'rectangle',
      color: 'primary',
      style: {
        opacity: 15,
        size: 'md',
      },
      tags: [],
      kind: 'softwareSystem',
      x: 310,
      y: 1793,
      width: 320,
      height: 180,
      labelBBox: {
        x: 17,
        y: 76,
        width: 287,
        height: 24,
      },
      navigateTo: null,
      links: null,
    },
    {
      id: 'cdc.orderCommsLab',
      parent: 'cdc',
      level: 1,
      children: [],
      inEdges: [
        '6c0b8n',
        'frdhnz',
        'ho1eqk',
      ],
      outEdges: [
        '15mcw9z',
        'zefqnj',
        '1rhrpzw',
      ],
      title: 'Order Comms - Lab',
      modelRef: 'cdc.orderCommsLab',
      shape: 'rectangle',
      color: 'primary',
      style: {
        opacity: 15,
        size: 'md',
      },
      tags: [],
      kind: 'softwareSystem',
      x: 740,
      y: 1793,
      width: 320,
      height: 180,
      labelBBox: {
        x: 70,
        y: 76,
        width: 181,
        height: 24,
      },
      navigateTo: null,
      links: null,
    },
    {
      id: 'pdm',
      parent: null,
      level: 0,
      children: [],
      inEdges: [
        '18k7ssq',
        '15mcw9z',
      ],
      outEdges: [],
      title: 'Patient Data Management (PDM)',
      modelRef: 'pdm',
      shape: 'storage',
      color: 'gray',
      style: {
        opacity: 15,
        size: 'md',
      },
      tags: [],
      technology: 'AWS Healthlake, FHIR R4',
      kind: 'externalSystem',
      x: 1907,
      y: 1319,
      width: 335,
      height: 180,
      labelBBox: {
        x: 18,
        y: 66,
        width: 300,
        height: 45,
      },
      navigateTo: null,
      links: null,
    },
    {
      id: 'cdc.lims',
      parent: 'cdc',
      level: 1,
      children: [],
      inEdges: [
        'zefqnj',
      ],
      outEdges: [
        'frdhnz',
      ],
      title: 'Laboratory Information Management System (LIMS)',
      modelRef: 'cdc.lims',
      shape: 'rectangle',
      color: 'primary',
      style: {
        opacity: 15,
        size: 'md',
      },
      tags: [],
      kind: 'softwareSystem',
      x: 1512,
      y: 1799,
      width: 427,
      height: 180,
      labelBBox: {
        x: 14,
        y: 64,
        width: 400,
        height: 48,
      },
      navigateTo: null,
      links: null,
    },
    {
      id: 'cdc.ris',
      parent: 'cdc',
      level: 1,
      children: [],
      inEdges: [
        '1rhrpzw',
      ],
      outEdges: [
        'ho1eqk',
        '1qt7rc3',
      ],
      title: 'Radiology Information System (RIS)',
      modelRef: 'cdc.ris',
      shape: 'rectangle',
      color: 'primary',
      style: {
        opacity: 15,
        size: 'md',
      },
      tags: [],
      kind: 'softwareSystem',
      x: 1977,
      y: 2146,
      width: 351,
      height: 180,
      labelBBox: {
        x: 15,
        y: 76,
        width: 323,
        height: 24,
      },
      navigateTo: null,
      links: null,
    },
    {
      id: 'cdc.pacs',
      parent: 'cdc',
      level: 1,
      children: [],
      inEdges: [
        '1b6veok',
        '1qt7rc3',
      ],
      outEdges: [],
      title: 'Picture Archiving and Communication System (PACS)',
      modelRef: 'cdc.pacs',
      shape: 'rectangle',
      color: 'primary',
      style: {
        opacity: 15,
        size: 'md',
      },
      tags: [],
      kind: 'softwareSystem',
      x: 2634,
      y: 1793,
      width: 365,
      height: 180,
      labelBBox: {
        x: 15,
        y: 64,
        width: 337,
        height: 48,
      },
      navigateTo: null,
      links: null,
    },
  ],
  edges: [
    {
      id: '14ajzbj',
      parent: null,
      source: 'patient',
      target: 'nhsLogin',
      label: 'Authenticate',
      relations: [
        '15u7lwz',
      ],
      color: 'gray',
      line: 'dashed',
      head: 'normal',
      technology: 'OAuth 2.0, OpenID Connect',
      points: [
        [
          151,
          502,
        ],
        [
          142,
          606,
        ],
        [
          134,
          781,
        ],
        [
          159,
          929,
        ],
        [
          184,
          1077,
        ],
        [
          247,
          1239,
        ],
        [
          291,
          1340,
        ],
      ],
      labelBBox: {
        x: 203,
        y: 248,
        width: 167,
        height: 39,
      },
      controlPoints: [
        {
          x: 167,
          y: 317,
        },
        {
          x: 285,
          y: 143,
        },
      ],
      navigateTo: null,
      tags: null,
    },
    {
      id: '1ws9mdp',
      parent: null,
      source: 'patient',
      target: 'nhsApp',
      label: 'Manage Diagnostic tests',
      relations: [
        'tbxsf8',
      ],
      color: 'gray',
      line: 'dashed',
      head: 'normal',
      points: [
        [
          320,
          495,
        ],
        [
          412,
          542,
        ],
        [
          528,
          601,
        ],
        [
          622,
          649,
        ],
      ],
      labelBBox: {
        x: 320,
        y: 589,
        width: 157,
        height: 18,
      },
      controlPoints: [
        {
          x: 307,
          y: 600,
        },
      ],
      navigateTo: null,
      tags: null,
    },
    {
      id: '1w6yejz',
      parent: null,
      source: 'nhsNotify',
      target: 'patient',
      label: 'Send notifications',
      relations: [
        '19xlx8y',
      ],
      color: 'gray',
      line: 'dashed',
      head: 'normal',
      technology: 'Email, SMS, Letter',
      points: [
        [
          831,
          215,
        ],
        [
          660,
          266,
        ],
      ],
      labelBBox: {
        x: 831,
        y: 215,
        width: 117,
        height: 39,
      },
      controlPoints: [
        {
          x: 831,
          y: 215,
        },
        {
          x: 660,
          y: 266,
        },
      ],
      navigateTo: null,
      tags: null,
    },
    {
      id: '1idksir',
      parent: null,
      source: 'patientProxy',
      target: 'nhsLogin',
      label: 'Authenticate',
      relations: [
        'jl66n2',
      ],
      color: 'gray',
      line: 'dashed',
      head: 'normal',
      technology: 'OAuth 2.0, OpenID Connect',
      points: [
        [
          628,
          503,
        ],
        [
          611,
          546,
        ],
        [
          592,
          598,
        ],
        [
          576,
          646,
        ],
        [
          493,
          893,
        ],
        [
          407,
          1189,
        ],
        [
          364,
          1339,
        ],
      ],
      labelBBox: {
        x: 543,
        y: 224,
        width: 167,
        height: 39,
      },
      controlPoints: [
        {
          x: 616,
          y: 347,
        },
        {
          x: 512,
          y: 170,
        },
      ],
      navigateTo: null,
      tags: null,
    },
    {
      id: '1dvrk2p',
      parent: null,
      source: 'patientProxy',
      target: 'nhsApp',
      label: 'Manage Diagnostic tests',
      relations: [
        'gwxw4p',
      ],
      color: 'gray',
      line: 'dashed',
      head: 'normal',
      points: [
        [
          698,
          503,
        ],
        [
          714,
          544,
        ],
        [
          734,
          594,
        ],
        [
          751,
          636,
        ],
      ],
      labelBBox: {
        x: 569,
        y: 587,
        width: 157,
        height: 18,
      },
      controlPoints: [
        {
          x: 560,
          y: 593,
        },
      ],
      navigateTo: null,
      tags: null,
    },
    {
      id: '1s9cked',
      parent: null,
      source: 'requestingClinician',
      target: 'nhsOnline',
      label: 'Uses',
      relations: [
        'ntkein',
      ],
      color: 'gray',
      line: 'dashed',
      head: 'normal',
      points: [
        [
          2938,
          180,
        ],
        [
          2938,
          221,
        ],
        [
          2938,
          270,
        ],
        [
          2938,
          313,
        ],
      ],
      labelBBox: {
        x: 2939,
        y: 241,
        width: 36,
        height: 18,
      },
      controlPoints: null,
      navigateTo: null,
      tags: null,
    },
    {
      id: 'bcr4ow',
      parent: null,
      source: 'requestingClinician',
      target: 'orderCommsOrdering',
      label: 'Place test order',
      relations: [
        '1wzk11e',
      ],
      color: 'gray',
      line: 'dashed',
      head: 'normal',
      points: [
        [
          2778,
          171,
        ],
        [
          2719,
          209,
        ],
        [
          2657,
          260,
        ],
        [
          2619,
          323,
        ],
        [
          2561,
          418,
        ],
        [
          2551,
          547,
        ],
        [
          2552,
          635,
        ],
      ],
      labelBBox: {
        x: 3276,
        y: 482,
        width: 102,
        height: 18,
      },
      controlPoints: [
        {
          x: 3265,
          y: 364,
        },
        {
          x: 3258,
          y: 563,
        },
        {
          x: 3201,
          y: 651,
        },
      ],
      navigateTo: null,
      tags: null,
    },
    {
      id: '1f6cces',
      parent: null,
      source: 'requestingClinician',
      target: 'cis2',
      label: 'Authenticate',
      relations: [
        '59b0tp',
      ],
      color: 'gray',
      line: 'dashed',
      head: 'normal',
      technology: 'OAuth 2.0, OpenID Connect',
      points: [
        [
          3092,
          180,
        ],
        [
          3203,
          250,
        ],
        [
          3335,
          347,
        ],
        [
          3335,
          412,
        ],
        [
          3335,
          412,
        ],
        [
          3335,
          412,
        ],
        [
          3335,
          1080,
        ],
        [
          3335,
          1174,
        ],
        [
          3289,
          1271,
        ],
        [
          3246,
          1340,
        ],
      ],
      labelBBox: {
        x: 2937,
        y: -86,
        width: 167,
        height: 39,
      },
      controlPoints: [
        {
          x: 2937,
          y: -34,
        },
      ],
      navigateTo: null,
      tags: null,
    },
    {
      id: '1wczmrp',
      parent: null,
      source: 'nds',
      target: 'nhsLogin',
      label: 'Validate authentication tokens',
      relations: [
        '1mx7zp3',
      ],
      color: 'gray',
      line: 'dashed',
      head: 'normal',
      technology: 'OAuth 2.0, OpenID Connect',
      points: [
        [
          1935,
          1090,
        ],
        [
          1706,
          1107,
        ],
        [
          1272,
          1147,
        ],
        [
          911,
          1229,
        ],
        [
          771,
          1261,
        ],
        [
          618,
          1317,
        ],
        [
          505,
          1364,
        ],
      ],
      labelBBox: {
        x: 975,
        y: 294,
        width: 191,
        height: 39,
      },
      controlPoints: [
        {
          x: 1505,
          y: 642,
        },
        {
          x: 772,
          y: 170,
        },
      ],
      navigateTo: null,
      tags: null,
    },
    {
      id: '35qhtc',
      parent: null,
      source: 'nhsApp',
      target: 'BaRSProxy',
      label: 'Manage Appointments',
      relations: [
        '1n51bfv',
      ],
      color: 'gray',
      line: 'dashed',
      head: 'normal',
      technology: 'FHIR R4, REST API',
      points: [
        [
          788,
          825,
        ],
        [
          783,
          957,
        ],
        [
          774,
          1201,
        ],
        [
          770,
          1338,
        ],
      ],
      labelBBox: {
        x: 454,
        y: 990,
        width: 144,
        height: 38,
      },
      controlPoints: [
        {
          x: 450,
          y: 1003,
        },
      ],
      navigateTo: null,
      tags: null,
    },
    {
      id: 'n32esn',
      parent: null,
      source: 'nhsApp',
      target: 'nds',
      label: 'Request diagnostic test results',
      relations: [
        '1l943hp',
      ],
      color: 'gray',
      line: 'dashed',
      head: 'normal',
      points: [
        [
          951,
          778,
        ],
        [
          1198,
          843,
        ],
        [
          1672,
          967,
        ],
        [
          1925,
          1033,
        ],
      ],
      labelBBox: {
        x: 1371,
        y: 919,
        width: 195,
        height: 18,
      },
      controlPoints: [
        {
          x: 1263,
          y: 930,
        },
      ],
      navigateTo: null,
      tags: null,
    },
    {
      id: '1m4ljd4',
      parent: null,
      source: 'nhsNotify',
      target: 'nhsApp',
      label: 'Send notifications',
      relations: [
        '1ldah86',
      ],
      color: 'gray',
      line: 'dashed',
      head: 'normal',
      technology: 'Push Notifications',
      points: [
        [
          958,
          373,
        ],
        [
          826,
          481,
        ],
      ],
      labelBBox: {
        x: 958,
        y: 373,
        width: 115,
        height: 39,
      },
      controlPoints: [
        {
          x: 958,
          y: 373,
        },
        {
          x: 826,
          y: 481,
        },
      ],
      navigateTo: null,
      tags: null,
    },
    {
      id: '18k7st0',
      parent: null,
      source: 'nds',
      target: 'pds',
      label: 'Query patient demographics',
      relations: [
        'ymxvkq',
      ],
      color: 'gray',
      line: 'dashed',
      head: 'normal',
      technology: 'FHIR R4 UK Core, REST API',
      points: [
        [
          1964,
          1169,
        ],
        [
          1937,
          1188,
        ],
        [
          1908,
          1209,
        ],
        [
          1882,
          1229,
        ],
        [
          1836,
          1265,
        ],
        [
          1786,
          1306,
        ],
        [
          1744,
          1342,
        ],
      ],
      labelBBox: {
        x: 2183,
        y: 564,
        width: 180,
        height: 38,
      },
      controlPoints: [
        {
          x: 2167,
          y: 659,
        },
        {
          x: 2214,
          y: 389,
        },
      ],
      navigateTo: null,
      tags: null,
    },
    {
      id: 'ko0lco',
      parent: null,
      source: 'nds',
      target: 'uecDOS',
      label: 'Query for CDCs and their available \nservices',
      relations: [
        'rpclvo',
      ],
      color: 'gray',
      line: 'dashed',
      head: 'normal',
      technology: 'REST API',
      points: [
        [
          2628,
          665,
        ],
        [
          2837,
          503,
        ],
      ],
      labelBBox: {
        x: 1980,
        y: 737,
        width: 221,
        height: 56,
      },
      controlPoints: [
        {
          x: 1980,
          y: 737,
        },
        {
          x: 1935,
          y: 605,
        },
      ],
      navigateTo: null,
      tags: null,
    },
    {
      id: 'mrluy7',
      parent: null,
      source: 'nhsOnline',
      target: 'orderCommsOrdering',
      label: 'Uses',
      relations: [
        'ul6toy',
      ],
      color: 'gray',
      line: 'dashed',
      head: 'normal',
      points: [
        [
          2833,
          503,
        ],
        [
          2782,
          545,
        ],
        [
          2722,
          596,
        ],
        [
          2671,
          639,
        ],
      ],
      labelBBox: {
        x: 2921,
        y: 628,
        width: 36,
        height: 18,
      },
      controlPoints: [
        {
          x: 2915,
          y: 693,
        },
      ],
      navigateTo: null,
      tags: null,
    },
    {
      id: '10u91br',
      parent: null,
      source: 'nhsOnline',
      target: 'nhsOnlineImageViewer',
      label: 'View diagnostic images',
      relations: [
        'usnpd3',
      ],
      color: 'gray',
      line: 'dashed',
      head: 'normal',
      points: [
        [
          3239,
          566,
        ],
        [
          3310,
          602,
        ],
      ],
      labelBBox: {
        x: 3212,
        y: 217,
        width: 150,
        height: 18,
      },
      controlPoints: [
        {
          x: 3212,
          y: 217,
        },
        {
          x: 3276,
          y: 171,
        },
      ],
      navigateTo: null,
      tags: null,
    },
    {
      id: '5qwqjp',
      parent: null,
      source: 'nhsOnline',
      target: 'nir',
      label: 'Query for imaging results',
      relations: [
        '1lmazp7',
      ],
      color: 'gray',
      line: 'dashed',
      head: 'normal',
      technology: 'DICOM, IHE',
      points: [
        [
          3482,
          276,
        ],
        [
          3674,
          228,
        ],
      ],
      labelBBox: {
        x: 3482,
        y: 276,
        width: 160,
        height: 39,
      },
      controlPoints: [
        {
          x: 3482,
          y: 276,
        },
        {
          x: 3674,
          y: 228,
        },
      ],
      navigateTo: null,
      tags: null,
    },
    {
      id: '5qwq80',
      parent: null,
      source: 'nhsOnline',
      target: 'nrl',
      label: 'Query for lab results',
      relations: [
        '1pjszgx',
      ],
      color: 'gray',
      line: 'dashed',
      head: 'normal',
      technology: 'FHIR R4, REST API',
      points: [
        [
          3485,
          413,
        ],
        [
          3679,
          413,
        ],
      ],
      labelBBox: {
        x: 3487,
        y: 412,
        width: 130,
        height: 39,
      },
      controlPoints: [
        {
          x: 3487,
          y: 412,
        },
        {
          x: 3683,
          y: 411,
        },
      ],
      navigateTo: null,
      tags: null,
    },
    {
      id: '5qwqh5',
      parent: null,
      source: 'nhsOnline',
      target: 'nds',
      label: 'Request diagnostic test',
      relations: [
        '476ute',
      ],
      color: 'gray',
      line: 'dashed',
      head: 'normal',
      technology: 'FHIR R4 UK Core, REST API',
      points: [
        [
          2924,
          503,
        ],
        [
          2905,
          595,
        ],
        [
          2862,
          737,
        ],
        [
          2773,
          826,
        ],
        [
          2635,
          962,
        ],
        [
          2417,
          1026,
        ],
        [
          2265,
          1055,
        ],
      ],
      labelBBox: {
        x: 2539,
        y: 757,
        width: 175,
        height: 39,
      },
      controlPoints: [
        {
          x: 2687,
          y: 631,
        },
        {
          x: 2427,
          y: 847,
        },
      ],
      navigateTo: null,
      tags: null,
    },
    {
      id: '18k7ssq',
      parent: null,
      source: 'nds',
      target: 'pdm',
      label: 'Store and retrieve diagnostic test data',
      relations: [
        '8vb4zr',
      ],
      color: 'gray',
      line: 'dashed',
      head: 'normal',
      technology: 'FHIR R4, REST API',
      points: [
        [
          2255,
          1145,
        ],
        [
          2289,
          1167,
        ],
        [
          2322,
          1194,
        ],
        [
          2343,
          1229,
        ],
        [
          2508,
          1494,
        ],
        [
          2470,
          1885,
        ],
        [
          2440,
          2067,
        ],
      ],
      labelBBox: {
        x: 2110,
        y: 1244,
        width: 240,
        height: 39,
      },
      controlPoints: [
        {
          x: 2110,
          y: 1217,
        },
        {
          x: 2108,
          y: 1270,
        },
      ],
      navigateTo: null,
      tags: null,
    },
    {
      id: '1j97vad',
      parent: null,
      source: 'nds',
      target: 'nhsNotify',
      label: 'Send patient communications',
      relations: [
        '18g0d4a',
      ],
      color: 'gray',
      line: 'dashed',
      head: 'normal',
      technology: 'JSON, REST API, Application Restricted JWT',
      points: [
        [
          2092,
          1168,
        ],
        [
          2092,
          1188,
        ],
        [
          2092,
          1209,
        ],
        [
          2091,
          1229,
        ],
        [
          2091,
          1265,
        ],
        [
          2091,
          1304,
        ],
        [
          2092,
          1339,
        ],
      ],
      labelBBox: {
        x: 1752,
        y: 630,
        width: 227,
        height: 38,
      },
      controlPoints: [
        {
          x: 1900,
          y: 827,
        },
        {
          x: 1768,
          y: 653,
        },
      ],
      navigateTo: null,
      tags: null,
    },
    {
      id: '4eqnvw',
      parent: null,
      source: 'orderCommsOrdering',
      target: 'nds',
      label: 'Send test orders',
      relations: [
        'hub528',
      ],
      color: 'gray',
      line: 'dashed',
      head: 'normal',
      technology: 'FHIR R4, REST API',
      points: [
        [
          2437,
          826,
        ],
        [
          2372,
          874,
        ],
        [
          2290,
          934,
        ],
        [
          2224,
          983,
        ],
      ],
      labelBBox: {
        x: 2547,
        y: 964,
        width: 125,
        height: 39,
      },
      controlPoints: [
        {
          x: 2544,
          y: 964,
        },
      ],
      navigateTo: null,
      tags: null,
    },
    {
      id: 'keu5r4',
      parent: null,
      source: 'orderCommsOrdering',
      target: 'testCatalogue',
      label: 'Synchronize available diagnostic tests \nand associated metadata',
      relations: [
        'b6208v',
      ],
      color: 'gray',
      line: 'dashed',
      head: 'normal',
      technology: 'FHIR R4, REST API',
      points: [
        [
          2632,
          825,
        ],
        [
          2715,
          921,
        ],
        [
          2859,
          1072,
        ],
        [
          3009,
          1169,
        ],
        [
          3069,
          1207,
        ],
        [
          3118,
          1170,
        ],
        [
          3158,
          1229,
        ],
        [
          3173,
          1251,
        ],
        [
          3174,
          1267,
        ],
        [
          3158,
          1289,
        ],
        [
          3104,
          1362,
        ],
        [
          3048,
          1318,
        ],
        [
          2962,
          1349,
        ],
        [
          2947,
          1354,
        ],
        [
          2932,
          1360,
        ],
        [
          2916,
          1366,
        ],
      ],
      labelBBox: {
        x: 2956,
        y: 1275,
        width: 241,
        height: 56,
      },
      controlPoints: [
        {
          x: 2941,
          y: 1367,
        },
        {
          x: 2822,
          y: 1469,
        },
      ],
      navigateTo: null,
      tags: null,
    },
    {
      id: 'a7n5zs',
      parent: null,
      source: 'nhsOnlineImageViewer',
      target: 'nir',
      label: 'Retrieve imaging data for viewing',
      relations: [
        'qktfc0',
      ],
      color: 'gray',
      line: 'dashed',
      head: 'normal',
      technology: 'DICOM, IHE',
      points: [
        [
          3874,
          471,
        ],
        [
          3964,
          374,
        ],
      ],
      labelBBox: {
        x: 3839,
        y: 24,
        width: 211,
        height: 39,
      },
      controlPoints: [
        {
          x: 3839,
          y: 24,
        },
        {
          x: 3938,
          y: 40,
        },
      ],
      navigateTo: null,
      tags: null,
    },
    {
      id: '1vzjuvx',
      parent: null,
      source: 'nds',
      target: 'BaRSProxy',
      label: 'Refer patients to CDC',
      relations: [
        '1hlm3j8',
      ],
      color: 'gray',
      line: 'dashed',
      head: 'normal',
      technology: 'FHIR R4, REST API',
      points: [
        [
          1935,
          1088,
        ],
        [
          1756,
          1101,
        ],
        [
          1460,
          1136,
        ],
        [
          1223,
          1229,
        ],
        [
          1178,
          1247,
        ],
        [
          1174,
          1266,
        ],
        [
          1131,
          1289,
        ],
        [
          1069,
          1321,
        ],
        [
          998,
          1352,
        ],
        [
          935,
          1376,
        ],
      ],
      labelBBox: {
        x: 1271,
        y: 1130,
        width: 141,
        height: 39,
      },
      controlPoints: [
        {
          x: 783,
          y: 1171,
        },
      ],
      navigateTo: null,
      tags: null,
    },
    {
      id: '1dxb194',
      parent: null,
      source: 'nds',
      target: 'cis2',
      label: 'Validate clinician authentication tokens',
      relations: [
        '1ceiqx7',
      ],
      color: 'gray',
      line: 'dashed',
      head: 'normal',
      technology: 'OAuth 2.0, OpenID Connect',
      points: [
        [
          2255,
          1101,
        ],
        [
          2399,
          1122,
        ],
        [
          2614,
          1163,
        ],
        [
          2793,
          1229,
        ],
        [
          2874,
          1259,
        ],
        [
          2959,
          1303,
        ],
        [
          3028,
          1344,
        ],
      ],
      labelBBox: {
        x: 2505,
        y: 406,
        width: 244,
        height: 38,
      },
      controlPoints: [
        {
          x: 2447,
          y: 510,
        },
        {
          x: 2733,
          y: -11,
        },
      ],
      navigateTo: null,
      tags: null,
    },
    {
      id: '18k8gqr',
      parent: null,
      source: 'nds',
      target: 'mns',
      label: 'Consume events',
      relations: [
        '1vzwuka',
      ],
      color: 'gray',
      line: 'dashed',
      head: 'normal',
      technology: 'FHIR R4, REST API',
      points: [
        [
          2973,
          937,
        ],
        [
          3332,
          879,
        ],
      ],
      labelBBox: {
        x: 2862,
        y: 1101,
        width: 125,
        height: 38,
      },
      controlPoints: [
        {
          x: 2862,
          y: 1101,
        },
        {
          x: 3175,
          y: 1110,
        },
      ],
      navigateTo: null,
      tags: null,
    },
    {
      id: 'chpkp2',
      parent: null,
      source: 'nds',
      target: 'testCatalogue',
      label: 'Maintain list of available diagnostic \ntests and associated metadata',
      relations: [
        'dd9wmw',
      ],
      color: 'gray',
      line: 'dashed',
      head: 'normal',
      technology: 'FHIR R4, REST API',
      points: [
        [
          2255,
          1135,
        ],
        [
          2320,
          1161,
        ],
        [
          2395,
          1193,
        ],
        [
          2460,
          1229,
        ],
        [
          2493,
          1247,
        ],
        [
          2561,
          1297,
        ],
        [
          2623,
          1343,
        ],
      ],
      labelBBox: {
        x: 2456,
        y: 1292,
        width: 220,
        height: 56,
      },
      controlPoints: [
        {
          x: 2304,
          y: 1215,
        },
        {
          x: 2439,
          y: 1338,
        },
      ],
      navigateTo: null,
      tags: null,
    },
    {
      id: '16vmm3b',
      parent: null,
      source: 'BaRSProxy',
      target: 'cdc.cdcAppointmentMangement',
      label: 'Proxy appointment management requests \nand referals to CDC Appointment \nManagement',
      relations: [
        '1fl4icv',
      ],
      color: 'gray',
      line: 'dashed',
      head: 'normal',
      technology: 'FHIR R4, REST API',
      points: [
        [
          766,
          1528,
        ],
        [
          766,
          1587,
        ],
        [
          766,
          1664,
        ],
        [
          766,
          1725,
        ],
      ],
      labelBBox: {
        x: 458,
        y: 1485,
        width: 264,
        height: 72,
      },
      controlPoints: [
        {
          x: 459,
          y: 1545,
        },
      ],
      navigateTo: null,
      tags: null,
    },
    {
      id: '1b6veok',
      parent: null,
      source: 'nir',
      target: 'cdc.pacs',
      label: 'Query/Retrieve imaging data',
      relations: [
        'uyr3qj',
      ],
      color: 'gray',
      line: 'dashed',
      head: 'normal',
      technology: 'DICOM, IHE',
      points: [
        [
          3635,
          802,
        ],
        [
          3377,
          1113,
        ],
      ],
      labelBBox: {
        x: 4543,
        y: 1563,
        width: 182,
        height: 38,
      },
      controlPoints: [
        {
          x: 4731,
          y: 464,
        },
        {
          x: 4746,
          y: 1136,
        },
        {
          x: 4460,
          y: 1646,
        },
      ],
      navigateTo: null,
      tags: null,
    },
    {
      id: '6c0b8n',
      parent: null,
      source: 'nds',
      target: 'cdc.orderCommsLab',
      label: 'Route test order to correct lab',
      relations: [
        '1w57m1w',
      ],
      color: 'gray',
      line: 'dashed',
      head: 'normal',
      technology: 'FHIR R4, REST API',
      points: [
        [
          1935,
          1127,
        ],
        [
          1679,
          1204,
        ],
        [
          1204,
          1345,
        ],
        [
          1201,
          1349,
        ],
        [
          1120,
          1457,
        ],
        [
          1140,
          1621,
        ],
        [
          1166,
          1725,
        ],
      ],
      labelBBox: {
        x: 971,
        y: 1469,
        width: 189,
        height: 39,
      },
      controlPoints: [
        {
          x: 1599,
          y: 1219,
        },
        {
          x: 882,
          y: 1594,
        },
      ],
      navigateTo: null,
      tags: null,
    },
    {
      id: '15mcw9z',
      parent: null,
      source: 'cdc.orderCommsLab',
      target: 'pdm',
      label: 'Send test results data',
      relations: [
        '1f0jnwd',
      ],
      color: 'gray',
      line: 'dashed',
      head: 'normal',
      technology: 'FHIR R4, REST API',
      points: [
        [
          1356,
          1877,
        ],
        [
          1434,
          1901,
        ],
        [
          1529,
          1930,
        ],
        [
          1615,
          1955,
        ],
        [
          1830,
          2016,
        ],
        [
          2078,
          2081,
        ],
        [
          2242,
          2122,
        ],
      ],
      labelBBox: {
        x: 1512,
        y: 1609,
        width: 139,
        height: 39,
      },
      controlPoints: [
        {
          x: 1173,
          y: 1779,
        },
        {
          x: 1619,
          y: 1600,
        },
      ],
      navigateTo: null,
      tags: null,
    },
    {
      id: 'zefqnj',
      parent: 'cdc',
      source: 'cdc.orderCommsLab',
      target: 'cdc.lims',
      label: 'Send test orders to lab workflow',
      relations: [
        '1b93x4n',
      ],
      color: 'gray',
      line: 'dashed',
      head: 'normal',
      technology: 'HL7v2',
      points: [
        [
          1060,
          1883,
        ],
        [
          1150,
          1883,
        ],
        [
          1265,
          1883,
        ],
        [
          1364,
          1883,
        ],
      ],
      labelBBox: {
        x: 1158,
        y: 1839,
        width: 203,
        height: 39,
      },
      controlPoints: [
        {
          x: 1269,
          y: 1885,
        },
      ],
      navigateTo: null,
      tags: null,
    },
    {
      id: '1rhrpzw',
      parent: 'cdc',
      source: 'cdc.orderCommsLab',
      target: 'cdc.ris',
      label: 'Send test orders to radiology workflow',
      relations: [
        '1d0hs4m',
      ],
      color: 'gray',
      line: 'dashed',
      head: 'normal',
      technology: 'HL7v2',
      points: [
        [
          1426,
          2031,
        ],
        [
          1610,
          2083,
        ],
      ],
      labelBBox: {
        x: 1426,
        y: 2031,
        width: 241,
        height: 39,
      },
      controlPoints: [
        {
          x: 1426,
          y: 2031,
        },
        {
          x: 1610,
          y: 2083,
        },
      ],
      navigateTo: null,
      tags: null,
    },
    {
      id: 'frdhnz',
      parent: 'cdc',
      source: 'cdc.lims',
      target: 'cdc.orderCommsLab',
      label: 'Return test results',
      relations: [
        '11v78lw',
      ],
      color: 'gray',
      line: 'dashed',
      head: 'normal',
      technology: 'HL7v2',
      points: [
        [
          1374,
          1922,
        ],
        [
          1305,
          1931,
        ],
        [
          1228,
          1935,
        ],
        [
          1157,
          1929,
        ],
        [
          1129,
          1926,
        ],
        [
          1099,
          1922,
        ],
        [
          1070,
          1918,
        ],
      ],
      labelBBox: {
        x: 1209,
        y: 1889,
        width: 118,
        height: 39,
      },
      controlPoints: [
        {
          x: 1339,
          y: 1934,
        },
        {
          x: 1155,
          y: 1924,
        },
      ],
      navigateTo: null,
      tags: null,
    },
    {
      id: 'ho1eqk',
      parent: 'cdc',
      source: 'cdc.ris',
      target: 'cdc.orderCommsLab',
      label: 'Return test results',
      relations: [
        'coqnaf',
      ],
      color: 'gray',
      line: 'dashed',
      head: 'normal',
      technology: 'HL7v2',
      points: [
        [
          887,
          1885,
        ],
        [
          838,
          1896,
        ],
      ],
      labelBBox: {
        x: 1463,
        y: 2246,
        width: 118,
        height: 39,
      },
      controlPoints: [
        {
          x: 1740,
          y: 2281,
        },
        {
          x: 1377,
          y: 2218,
        },
      ],
      navigateTo: null,
      tags: null,
    },
    {
      id: '1qt7rc3',
      parent: 'cdc',
      source: 'cdc.ris',
      target: 'cdc.pacs',
      label: 'Forward order requests',
      relations: [
        '1c9z90f',
      ],
      color: 'gray',
      line: 'dashed',
      head: 'normal',
      technology: '?',
      points: [
        [
          1645,
          1894,
        ],
        [
          1974,
          1891,
        ],
      ],
      labelBBox: {
        x: 2428,
        y: 2088,
        width: 150,
        height: 39,
      },
      controlPoints: [
        {
          x: 2428,
          y: 2088,
        },
        {
          x: 2537,
          y: 2030,
        },
      ],
      navigateTo: null,
      tags: null,
    },
  ],
  _layout: 'manual',
}
